--------- beginning of main
10-09 08:04:39.307  8814  8856 I VisualizerM2Test: {"windowPreference":0,"interactive":true,"preset":"NEON_PULSE","shader":"Canvas","reduceMotion":true,"particles":0,"effectEvents":0,"phase":"background","uptimeMs":1167377978,"requested":120,"preferenceFps":0,"effectiveTargetFps":0,"displayHz":60,"clockHz":0,"canvasFps":0,"windowReportFps":null,"presentedFps":null,"averageMs":16.715193,"p95Ms":20.011692,"p99Ms":21.83477,"windowJankPercent":3.2258065,"windowTotalMs":11.229358,"renderJankPercent":0,"estimatedDroppedFrames":0,"gpuMs":2.60435,"gpuP95Ms":4.176307,"canvasCpuMs":2.3833623,"audioHz":0,"rms":0,"peakHz":0,"bass":0,"spectrumMax":0,"kickSequence":0,"audioAgeMs":null,"quality":"ULTRA","clockTicks":64105,"canvasDraws":63929,"layerCompositions":21,"windowFrames":63925,"windowReportsDropped":0,"limitation":"当前显示刷新率限制 \/ 使用 VSync 整数分频","running":false,"cpuTimeMs":1209147,"pssKiB":300830,"javaHeapBytes":27526336,"nativeHeapBytes":62619056}
10-09 08:04:50.562  8814  8844 E TestRunner: failed: complexPresetFifteenMinuteStability(io.github.currencortex.music.VisualizerPresetDeviceTest)
10-09 08:04:50.563  8814  8844 E TestRunner: ----- begin exception -----
10-09 08:04:50.563  8814  8844 E TestRunner: java.lang.AssertionError: Screen off must keep graphics released
10-09 08:04:50.563  8814  8844 E TestRunner: 	at io.github.currencortex.music.VisualizerPresetDeviceTest$verify$1.invokeSuspend$waitFor(VisualizerPresetDeviceTest.kt:104)
10-09 08:04:50.563  8814  8844 E TestRunner: 	at io.github.currencortex.music.VisualizerPresetDeviceTest$verify$1.access$invokeSuspend$waitFor(Unknown Source:0)
10-09 08:04:50.563  8814  8844 E TestRunner: 	at io.github.currencortex.music.VisualizerPresetDeviceTest$verify$1$waitFor$1.invokeSuspend(Unknown Source:13)
10-09 08:04:50.563  8814  8844 E TestRunner: 	at kotlin.coroutines.jvm.internal.BaseContinuationImpl.resumeWith(ContinuationImpl.kt:34)
10-09 08:04:50.563  8814  8844 E TestRunner: 	at kotlinx.coroutines.internal.ScopeCoroutine.afterResume(Scopes.kt:35)
10-09 08:04:50.563  8814  8844 E TestRunner: 	at kotlinx.coroutines.AbstractCoroutine.resumeWith(AbstractCoroutine.kt:101)
10-09 08:04:50.563  8814  8844 E TestRunner: 	at kotlin.coroutines.jvm.internal.BaseContinuationImpl.resumeWith(ContinuationImpl.kt:47)
10-09 08:04:50.563  8814  8844 E TestRunner: 	at kotlinx.coroutines.DispatchedTask.run(DispatchedTask.kt:98)
10-09 08:04:50.563  8814  8844 E TestRunner: 	at kotlinx.coroutines.EventLoopImplBase.processNextEvent(EventLoop.common.kt:263)
10-09 08:04:50.563  8814  8844 E TestRunner: 	at kotlinx.coroutines.BlockingCoroutine.joinBlocking(Builders.kt:94)
10-09 08:04:50.563  8814  8844 E TestRunner: 	at kotlinx.coroutines.BuildersKt__BuildersKt.runBlocking(Builders.kt:70)
10-09 08:04:50.563  8814  8844 E TestRunner: 	at kotlinx.coroutines.BuildersKt.runBlocking(Unknown Source:1)
10-09 08:04:50.563  8814  8844 E TestRunner: 	at kotlinx.coroutines.BuildersKt__BuildersKt.runBlocking$default(Builders.kt:48)
10-09 08:04:50.563  8814  8844 E TestRunner: 	at kotlinx.coroutines.BuildersKt.runBlocking$default(Unknown Source:1)
10-09 08:04:50.563  8814  8844 E TestRunner: 	at io.github.currencortex.music.VisualizerPresetDeviceTest.verify(VisualizerPresetDeviceTest.kt:57)
10-09 08:04:50.563  8814  8844 E TestRunner: 	at io.github.currencortex.music.VisualizerPresetDeviceTest.verify$default(VisualizerPresetDeviceTest.kt:57)
10-09 08:04:50.563  8814  8844 E TestRunner: 	at io.github.currencortex.music.VisualizerPresetDeviceTest.complexPresetFifteenMinuteStability(VisualizerPresetDeviceTest.kt:54)
10-09 08:04:50.563  8814  8844 E TestRunner: 	at java.lang.reflect.Method.invoke(Native Method)
10-09 08:04:50.563  8814  8844 E TestRunner: 	at org.junit.runners.model.FrameworkMethod$1.runReflectiveCall(FrameworkMethod.java:59)
10-09 08:04:50.563  8814  8844 E TestRunner: 	at org.junit.internal.runners.model.ReflectiveCallable.run(ReflectiveCallable.java:12)
10-09 08:04:50.563  8814  8844 E TestRunner: 	at org.junit.runners.model.FrameworkMethod.invokeExplosively(FrameworkMethod.java:56)
10-09 08:04:50.563  8814  8844 E TestRunner: 	at org.junit.internal.runners.statements.InvokeMethod.evaluate(InvokeMethod.java:17)
10-09 08:04:50.563  8814  8844 E TestRunner: 	at org.junit.internal.runners.statements.FailOnTimeout$CallableStatement.call(FailOnTimeout.java:299)
10-09 08:04:50.563  8814  8844 E TestRunner: 	at org.junit.internal.runners.statements.FailOnTimeout$CallableStatement.call(FailOnTimeout.java:293)
10-09 08:04:50.563  8814  8844 E TestRunner: 	at java.util.concurrent.FutureTask.run(FutureTask.java:343)
10-09 08:04:50.563  8814  8844 E TestRunner: 	at java.lang.Thread.run(Thread.java:1119)
10-09 08:04:50.563  8814  8844 E TestRunner: Caused by: kotlinx.coroutines.TimeoutCancellationException: Timed out waiting for 10000 ms
10-09 08:04:50.563  8814  8844 E TestRunner: 	at kotlinx.coroutines.TimeoutKt.TimeoutCancellationException(Timeout.kt:189)
10-09 08:04:50.563  8814  8844 E TestRunner: 	at kotlinx.coroutines.TimeoutCoroutine.run(Timeout.kt:157)
10-09 08:04:50.563  8814  8844 E TestRunner: 	at kotlinx.coroutines.EventLoopImplBase$DelayedRunnableTask.run(EventLoop.common.kt:505)
10-09 08:04:50.563  8814  8844 E TestRunner: 	at kotlinx.coroutines.EventLoopImplBase.processNextEvent(EventLoop.common.kt:263)
10-09 08:04:50.563  8814  8844 E TestRunner: 	at kotlinx.coroutines.DefaultExecutor.run(DefaultExecutor.kt:105)
10-09 08:04:50.563  8814  8844 E TestRunner: 	... 1 more
10-09 08:04:50.563  8814  8844 E TestRunner: ----- end exception -----
10-09 08:04:50.564  8814  8844 I TestRunner: finished: complexPresetFifteenMinuteStability(io.github.currencortex.music.VisualizerPresetDeviceTest)
10-09 08:04:50.565  8814  8844 I TestRunner: run finished: 1 tests, 1 failed, 0 ignored
