To honour the JVM settings for this build a single-use Daemon process will be forked. For more on this, please refer to https://docs.gradle.org/8.13/userguide/gradle_daemon.html#sec:disabling_the_daemon in the Gradle documentation.
Daemon will be stopped at the end of the build 

> Configure project :app
Passing custom test runner argument android.testInstrumentationRunnerArguments.timeout_msec from gradle.properties or command line is not compatible with configuration caching. Please specify this argument using android gradle dsl.
WARNING: The option setting 'android.overridePathCheck=true' is experimental.
The current default is 'false'.
w: [33m[1mDeprecated Gradle Version[0m[0m
The used Gradle version (Gradle 8.13) is deprecated and will not be supported in future Kotlin Gradle Plugin releases.
The minimum supported Gradle version will become Gradle 8.14.4 in Kotlin 2.5.0.

This warning can be suppressed in 'gradle.properties':
    kotlin.suppressGradlePluginWarnings=DeprecatedGradleVersionWarning
[32m[1mSolution:[0m[0m
[32m[3mPlease update the Gradle version to at least Gradle 8.14.4.[0m[0m

WARNING: We recommend using a newer Android Gradle plugin to use compile SDK version 37.0

This Android Gradle plugin (8.13.2) was tested up to compile SDK version 36.1.

You are strongly encouraged to update your project to use a newer
Android Gradle plugin that has been tested with compile SDK version 37.0.

If you are already using the latest version of the Android Gradle plugin,
you may need to wait until a newer version with support for compile SDK version 37.0 is available.

For more information refer to the compatibility table:
https://d.android.com/r/tools/api-level-support

To suppress this warning, add/update
Warning: SDK processing. This version only understands SDK XML versions up to 3 but an SDK XML file of version 4 was encountered. This can happen if you use versions of Android Studio and the command-line tools that were released at different times.
    android.suppressUnsupportedCompileSdk=37.0
to this project's gradle.properties.

> Task :app:checkKotlinGradlePluginConfigurationErrors SKIPPED
> Task :app:preBuild UP-TO-DATE
> Task :app:preDebugBuild UP-TO-DATE
> Task :app:generateDebugBuildConfig UP-TO-DATE
> Task :app:checkDebugAarMetadata UP-TO-DATE
> Task :app:processDebugNavigationResources UP-TO-DATE
> Task :app:compileDebugNavigationResources UP-TO-DATE
> Task :app:generateDebugResValues UP-TO-DATE
> Task :app:mapDebugSourceSetPaths UP-TO-DATE
> Task :app:generateDebugResources UP-TO-DATE
> Task :app:mergeDebugResources UP-TO-DATE
> Task :app:packageDebugResources UP-TO-DATE
> Task :app:parseDebugLocalResources UP-TO-DATE
> Task :app:createDebugCompatibleScreenManifests UP-TO-DATE
> Task :app:extractDeepLinksDebug UP-TO-DATE
> Task :app:processDebugMainManifest UP-TO-DATE
> Task :app:processDebugManifest UP-TO-DATE
> Task :app:processDebugManifestForPackage UP-TO-DATE
> Task :app:processDebugResources UP-TO-DATE
> Task :app:kspDebugKotlin UP-TO-DATE
> Task :app:compileDebugKotlin UP-TO-DATE
> Task :app:javaPreCompileDebug UP-TO-DATE
> Task :app:compileDebugJavaWithJavac UP-TO-DATE
> Task :app:bundleDebugClassesToCompileJar UP-TO-DATE
> Task :app:preDebugAndroidTestBuild SKIPPED
> Task :app:processDebugAndroidTestManifest UP-TO-DATE
> Task :app:generateDebugAndroidTestBuildConfig UP-TO-DATE
> Task :app:checkDebugAndroidTestAarMetadata UP-TO-DATE
> Task :app:processDebugAndroidTestNavigationResources UP-TO-DATE
> Task :app:compileDebugAndroidTestNavigationResources UP-TO-DATE
> Task :app:generateDebugAndroidTestResValues UP-TO-DATE
> Task :app:mapDebugAndroidTestSourceSetPaths UP-TO-DATE
> Task :app:generateDebugAndroidTestResources UP-TO-DATE
> Task :app:mergeDebugAndroidTestResources UP-TO-DATE
> Task :app:processDebugAndroidTestResources UP-TO-DATE
> Task :app:kspDebugAndroidTestKotlin

> Task :app:compileDebugAndroidTestKotlin
w: file:///M:/app/src/androidTest/java/io/github/currencortex/music/AudioSourceSettingsTest.kt:20:29 'fun createComposeRule(effectContext: CoroutineContext = ...): ComposeContentTestRule' is deprecated. Use `androidx.compose.ui.test.junit4.v2.createComposeRule` instead. The v2 APIs use StandardTestDispatcher instead of UnconfinedTestDispatcher, which aligns with standard coroutine behavior by queuing tasks rather than executing them immediately. Tests relying on immediate execution may require explicit synchronization. Please refer to the migration guide for more details.
w: file:///M:/app/src/androidTest/java/io/github/currencortex/music/AvatarPlaceholderTest.kt:17:29 'fun createComposeRule(effectContext: CoroutineContext = ...): ComposeContentTestRule' is deprecated. Use `androidx.compose.ui.test.junit4.v2.createComposeRule` instead. The v2 APIs use StandardTestDispatcher instead of UnconfinedTestDispatcher, which aligns with standard coroutine behavior by queuing tasks rather than executing them immediately. Tests relying on immediate execution may require explicit synchronization. Please refer to the migration guide for more details.
w: file:///M:/app/src/androidTest/java/io/github/currencortex/music/HomeAvatarTest.kt:35:29 'fun createComposeRule(effectContext: CoroutineContext = ...): ComposeContentTestRule' is deprecated. Use `androidx.compose.ui.test.junit4.v2.createComposeRule` instead. The v2 APIs use StandardTestDispatcher instead of UnconfinedTestDispatcher, which aligns with standard coroutine behavior by queuing tasks rather than executing them immediately. Tests relying on immediate execution may require explicit synchronization. Please refer to the migration guide for more details.
w: file:///M:/app/src/androidTest/java/io/github/currencortex/music/KeyboardDockOverlayTest.kt:24:29 'fun createComposeRule(effectContext: CoroutineContext = ...): ComposeContentTestRule' is deprecated. Use `androidx.compose.ui.test.junit4.v2.createComposeRule` instead. The v2 APIs use StandardTestDispatcher instead of UnconfinedTestDispatcher, which aligns with standard coroutine behavior by queuing tasks rather than executing them immediately. Tests relying on immediate execution may require explicit synchronization. Please refer to the migration guide for more details.
w: file:///M:/app/src/androidTest/java/io/github/currencortex/music/LaunchBrandAnimationTest.kt:29:29 'fun createComposeRule(effectContext: CoroutineContext = ...): ComposeContentTestRule' is deprecated. Use `androidx.compose.ui.test.junit4.v2.createComposeRule` instead. The v2 APIs use StandardTestDispatcher instead of UnconfinedTestDispatcher, which aligns with standard coroutine behavior by queuing tasks rather than executing them immediately. Tests relying on immediate execution may require explicit synchronization. Please refer to the migration guide for more details.
w: file:///M:/app/src/androidTest/java/io/github/currencortex/music/LaunchHomeReadinessTest.kt:26:29 'fun createComposeRule(effectContext: CoroutineContext = ...): ComposeContentTestRule' is deprecated. Use `androidx.compose.ui.test.junit4.v2.createComposeRule` instead. The v2 APIs use StandardTestDispatcher instead of UnconfinedTestDispatcher, which aligns with standard coroutine behavior by queuing tasks rather than executing them immediately. Tests relying on immediate execution may require explicit synchronization. Please refer to the migration guide for more details.
w: file:///M:/app/src/androidTest/java/io/github/currencortex/music/LibraryCapabilitiesTest.kt:21:29 'fun createComposeRule(effectContext: CoroutineContext = ...): ComposeContentTestRule' is deprecated. Use `androidx.compose.ui.test.junit4.v2.createComposeRule` instead. The v2 APIs use StandardTestDispatcher instead of UnconfinedTestDispatcher, which aligns with standard coroutine behavior by queuing tasks rather than executing them immediately. Tests relying on immediate execution may require explicit synchronization. Please refer to the migration guide for more details.
w: file:///M:/app/src/androidTest/java/io/github/currencortex/music/LiveRoomContractTest.kt:79:70 Unnecessary non-null assertion (!!) on a non-null receiver of type 'MusicService.VideoBinder'.
w: file:///M:/app/src/androidTest/java/io/github/currencortex/music/LiveRoomContractTest.kt:79:84 Unnecessary non-null assertion (!!) on a non-null receiver of type 'PlayerView'.
w: file:///M:/app/src/androidTest/java/io/github/currencortex/music/LiveRoomContractTest.kt:80:92 Unnecessary non-null assertion (!!) on a non-null receiver of type 'PlayerView'.
w: file:///M:/app/src/androidTest/java/io/github/currencortex/music/LiveRoomContractTest.kt:109:59 Unnecessary non-null assertion (!!) on a non-null receiver of type 'MusicService.VideoBinder'.
w: file:///M:/app/src/androidTest/java/io/github/currencortex/music/LiveRoomContractTest.kt:109:73 Unnecessary non-null assertion (!!) on a non-null receiver of type 'PlayerView'.
w: file:///M:/app/src/androidTest/java/io/github/currencortex/music/LoginScreenTest.kt:15:29 'fun createComposeRule(effectContext: CoroutineContext = ...): ComposeContentTestRule' is deprecated. Use `androidx.compose.ui.test.junit4.v2.createComposeRule` instead. The v2 APIs use StandardTestDispatcher instead of UnconfinedTestDispatcher, which aligns with standard coroutine behavior by queuing tasks rather than executing them immediately. Tests relying on immediate execution may require explicit synchronization. Please refer to the migration guide for more details.
w: file:///M:/app/src/androidTest/java/io/github/currencortex/music/MiniPlayerInteractionTest.kt:29:29 'fun createComposeRule(effectContext: CoroutineContext = ...): ComposeContentTestRule' is deprecated. Use `androidx.compose.ui.test.junit4.v2.createComposeRule` instead. The v2 APIs use StandardTestDispatcher instead of UnconfinedTestDispatcher, which aligns with standard coroutine behavior by queuing tasks rather than executing them immediately. Tests relying on immediate execution may require explicit synchronization. Please refer to the migration guide for more details.
w: file:///M:/app/src/androidTest/java/io/github/currencortex/music/MusicEntryMotionTest.kt:21:29 'fun createComposeRule(effectContext: CoroutineContext = ...): ComposeContentTestRule' is deprecated. Use `androidx.compose.ui.test.junit4.v2.createComposeRule` instead. The v2 APIs use StandardTestDispatcher instead of UnconfinedTestDispatcher, which aligns with standard coroutine behavior by queuing tasks rather than executing them immediately. Tests relying on immediate execution may require explicit synchronization. Please refer to the migration guide for more details.
w: file:///M:/app/src/androidTest/java/io/github/currencortex/music/MusicStyleCapabilitiesTest.kt:21:29 'fun createComposeRule(effectContext: CoroutineContext = ...): ComposeContentTestRule' is deprecated. Use `androidx.compose.ui.test.junit4.v2.createComposeRule` instead. The v2 APIs use StandardTestDispatcher instead of UnconfinedTestDispatcher, which aligns with standard coroutine behavior by queuing tasks rather than executing them immediately. Tests relying on immediate execution may require explicit synchronization. Please refer to the migration guide for more details.
w: file:///M:/app/src/androidTest/java/io/github/currencortex/music/NativeCapabilitiesTest.kt:27:29 'fun createComposeRule(effectContext: CoroutineContext = ...): ComposeContentTestRule' is deprecated. Use `androidx.compose.ui.test.junit4.v2.createComposeRule` instead. The v2 APIs use StandardTestDispatcher instead of UnconfinedTestDispatcher, which aligns with standard coroutine behavior by queuing tasks rather than executing them immediately. Tests relying on immediate execution may require explicit synchronization. Please refer to the migration guide for more details.
w: file:///M:/app/src/androidTest/java/io/github/currencortex/music/NativeCapabilitiesTest.kt:169:41 'fun <T : Parcelable!> getParcelable(p0: String?): T?' is deprecated. Deprecated in Java.
w: file:///M:/app/src/androidTest/java/io/github/currencortex/music/NeteasePrimaryLibraryTest.kt:23:29 'fun createComposeRule(effectContext: CoroutineContext = ...): ComposeContentTestRule' is deprecated. Use `androidx.compose.ui.test.junit4.v2.createComposeRule` instead. The v2 APIs use StandardTestDispatcher instead of UnconfinedTestDispatcher, which aligns with standard coroutine behavior by queuing tasks rather than executing them immediately. Tests relying on immediate execution may require explicit synchronization. Please refer to the migration guide for more details.
w: file:///M:/app/src/androidTest/java/io/github/currencortex/music/PageDataStateTest.kt:15:29 'fun createComposeRule(effectContext: CoroutineContext = ...): ComposeContentTestRule' is deprecated. Use `androidx.compose.ui.test.junit4.v2.createComposeRule` instead. The v2 APIs use StandardTestDispatcher instead of UnconfinedTestDispatcher, which aligns with standard coroutine behavior by queuing tasks rather than executing them immediately. Tests relying on immediate execution may require explicit synchronization. Please refer to the migration guide for more details.
w: file:///M:/app/src/androidTest/java/io/github/currencortex/music/PlayerLandscapeTest.kt:31:29 'fun <reified A : ComponentActivity> createAndroidComposeRule(effectContext: CoroutineContext = ...): AndroidComposeTestRule<ActivityScenarioRule<A>, A>' is deprecated. Use `androidx.compose.ui.test.junit4.v2.createAndroidComposeRule` instead. The v2 APIs use StandardTestDispatcher instead of UnconfinedTestDispatcher, which aligns with standard coroutine behavior by queuing tasks rather than executing them immediately. Tests relying on immediate execution may require explicit synchronization. Please refer to the migration guide for more details.
w: file:///M:/app/src/androidTest/java/io/github/currencortex/music/PlaylistPagesTest.kt:28:29 'fun createComposeRule(effectContext: CoroutineContext = ...): ComposeContentTestRule' is deprecated. Use `androidx.compose.ui.test.junit4.v2.createComposeRule` instead. The v2 APIs use StandardTestDispatcher instead of UnconfinedTestDispatcher, which aligns with standard coroutine behavior by queuing tasks rather than executing them immediately. Tests relying on immediate execution may require explicit synchronization. Please refer to the migration guide for more details.
w: file:///M:/app/src/androidTest/java/io/github/currencortex/music/RoomCapabilitiesTest.kt:31:29 'fun createComposeRule(effectContext: CoroutineContext = ...): ComposeContentTestRule' is deprecated. Use `androidx.compose.ui.test.junit4.v2.createComposeRule` instead. The v2 APIs use StandardTestDispatcher instead of UnconfinedTestDispatcher, which aligns with standard coroutine behavior by queuing tasks rather than executing them immediately. Tests relying on immediate execution may require explicit synchronization. Please refer to the migration guide for more details.
w: file:///M:/app/src/androidTest/java/io/github/currencortex/music/RoomCapabilitiesTest.kt:250:45 'val allNetworks: Array<(out) Network!>' is deprecated. Deprecated in Java.
w: file:///M:/app/src/androidTest/java/io/github/currencortex/music/RootTabTransitionTest.kt:28:29 'fun createComposeRule(effectContext: CoroutineContext = ...): ComposeContentTestRule' is deprecated. Use `androidx.compose.ui.test.junit4.v2.createComposeRule` instead. The v2 APIs use StandardTestDispatcher instead of UnconfinedTestDispatcher, which aligns with standard coroutine behavior by queuing tasks rather than executing them immediately. Tests relying on immediate execution may require explicit synchronization. Please refer to the migration guide for more details.
w: file:///M:/app/src/androidTest/java/io/github/currencortex/music/SearchArtistCapabilitiesTest.kt:21:29 'fun createComposeRule(effectContext: CoroutineContext = ...): ComposeContentTestRule' is deprecated. Use `androidx.compose.ui.test.junit4.v2.createComposeRule` instead. The v2 APIs use StandardTestDispatcher instead of UnconfinedTestDispatcher, which aligns with standard coroutine behavior by queuing tasks rather than executing them immediately. Tests relying on immediate execution may require explicit synchronization. Please refer to the migration guide for more details.
w: file:///M:/app/src/androidTest/java/io/github/currencortex/music/SleepTimerSheetTest.kt:17:29 'fun createComposeRule(effectContext: CoroutineContext = ...): ComposeContentTestRule' is deprecated. Use `androidx.compose.ui.test.junit4.v2.createComposeRule` instead. The v2 APIs use StandardTestDispatcher instead of UnconfinedTestDispatcher, which aligns with standard coroutine behavior by queuing tasks rather than executing them immediately. Tests relying on immediate execution may require explicit synchronization. Please refer to the migration guide for more details.
w: file:///M:/app/src/androidTest/java/io/github/currencortex/music/SongDownloadUiTest.kt:30:29 'fun createComposeRule(effectContext: CoroutineContext = ...): ComposeContentTestRule' is deprecated. Use `androidx.compose.ui.test.junit4.v2.createComposeRule` instead. The v2 APIs use StandardTestDispatcher instead of UnconfinedTestDispatcher, which aligns with standard coroutine behavior by queuing tasks rather than executing them immediately. Tests relying on immediate execution may require explicit synchronization. Please refer to the migration guide for more details.
w: file:///M:/app/src/androidTest/java/io/github/currencortex/music/SongDownloadUiTest.kt:108:42 'fun getStringArray(key: String): Array<String>?' is deprecated. Use getNullableStringArray(key) instead. This method does not correctly handle String arrays which may contain null elements.
w: file:///M:/app/src/androidTest/java/io/github/currencortex/music/SongDownloadUiTest.kt:124:35 'fun getStringArray(key: String): Array<String>?' is deprecated. Use getNullableStringArray(key) instead. This method does not correctly handle String arrays which may contain null elements.
w: file:///M:/app/src/androidTest/java/io/github/currencortex/music/SplitTextTest.kt:31:29 'fun createComposeRule(effectContext: CoroutineContext = ...): ComposeContentTestRule' is deprecated. Use `androidx.compose.ui.test.junit4.v2.createComposeRule` instead. The v2 APIs use StandardTestDispatcher instead of UnconfinedTestDispatcher, which aligns with standard coroutine behavior by queuing tasks rather than executing them immediately. Tests relying on immediate execution may require explicit synchronization. Please refer to the migration guide for more details.
w: file:///M:/app/src/androidTest/java/io/github/currencortex/music/UpdateImagesTest.kt:28:29 'fun createComposeRule(effectContext: CoroutineContext = ...): ComposeContentTestRule' is deprecated. Use `androidx.compose.ui.test.junit4.v2.createComposeRule` instead. The v2 APIs use StandardTestDispatcher instead of UnconfinedTestDispatcher, which aligns with standard coroutine behavior by queuing tasks rather than executing them immediately. Tests relying on immediate execution may require explicit synchronization. Please refer to the migration guide for more details.
w: file:///M:/app/src/androidTest/java/io/github/currencortex/music/UpdateImagesTest.kt:44:30 This declaration needs opt-in. Its usage should be marked with '@coil3.annotation.DelicateCoilApi' or '@OptIn(coil3.annotation.DelicateCoilApi::class)'
w: file:///M:/app/src/androidTest/java/io/github/currencortex/music/UpdateImagesTest.kt:48:47 This declaration needs opt-in. Its usage should be marked with '@coil3.annotation.DelicateCoilApi' or '@OptIn(coil3.annotation.DelicateCoilApi::class)'
w: file:///M:/app/src/androidTest/java/io/github/currencortex/music/UpdateMirrorFlowTest.kt:22:29 'fun createComposeRule(effectContext: CoroutineContext = ...): ComposeContentTestRule' is deprecated. Use `androidx.compose.ui.test.junit4.v2.createComposeRule` instead. The v2 APIs use StandardTestDispatcher instead of UnconfinedTestDispatcher, which aligns with standard coroutine behavior by queuing tasks rather than executing them immediately. Tests relying on immediate execution may require explicit synchronization. Please refer to the migration guide for more details.
w: file:///M:/app/src/androidTest/java/io/github/currencortex/music/UserCapabilitiesTest.kt:21:29 'fun createComposeRule(effectContext: CoroutineContext = ...): ComposeContentTestRule' is deprecated. Use `androidx.compose.ui.test.junit4.v2.createComposeRule` instead. The v2 APIs use StandardTestDispatcher instead of UnconfinedTestDispatcher, which aligns with standard coroutine behavior by queuing tasks rather than executing them immediately. Tests relying on immediate execution may require explicit synchronization. Please refer to the migration guide for more details.
w: file:///M:/app/src/androidTest/java/io/github/currencortex/music/VisualizerCaptureTest.kt:44:29 'fun createComposeRule(effectContext: CoroutineContext = ...): ComposeContentTestRule' is deprecated. Use `androidx.compose.ui.test.junit4.v2.createComposeRule` instead. The v2 APIs use StandardTestDispatcher instead of UnconfinedTestDispatcher, which aligns with standard coroutine behavior by queuing tasks rather than executing them immediately. Tests relying on immediate execution may require explicit synchronization. Please refer to the migration guide for more details.
w: file:///M:/app/src/androidTest/java/io/github/currencortex/music/VisualizerDebugUiTest.kt:21:29 'fun createComposeRule(effectContext: CoroutineContext = ...): ComposeContentTestRule' is deprecated. Use `androidx.compose.ui.test.junit4.v2.createComposeRule` instead. The v2 APIs use StandardTestDispatcher instead of UnconfinedTestDispatcher, which aligns with standard coroutine behavior by queuing tasks rather than executing them immediately. Tests relying on immediate execution may require explicit synchronization. Please refer to the migration guide for more details.
w: file:///M:/app/src/androidTest/java/io/github/currencortex/music/VisualizerPresetDeviceTest.kt:151:63 Unnecessary non-null assertion (!!) on a non-null receiver of type 'PlayerViewModel'.
w: file:///M:/app/src/androidTest/java/io/github/currencortex/music/VisualizerPresetDeviceTest.kt:224:23 Unnecessary non-null assertion (!!) on a non-null receiver of type 'PlayerViewModel'.
w: file:///M:/app/src/androidTest/java/io/github/currencortex/music/VisualizerPresetDeviceTest.kt:233:32 Unnecessary non-null assertion (!!) on a non-null receiver of type 'PlayerViewModel'.
w: file:///M:/app/src/androidTest/java/io/github/currencortex/music/VisualizerPresetDeviceTest.kt:235:67 Unnecessary non-null assertion (!!) on a non-null receiver of type 'PlayerViewModel'.
w: file:///M:/app/src/androidTest/java/io/github/currencortex/music/VisualizerPresetDeviceTest.kt:249:31 Unnecessary non-null assertion (!!) on a non-null receiver of type 'PlayerViewModel'.
w: file:///M:/app/src/androidTest/java/io/github/currencortex/music/VisualizerPresetDeviceTest.kt:266:94 Unnecessary non-null assertion (!!) on a non-null receiver of type 'PlayerViewModel'.
w: file:///M:/app/src/androidTest/java/io/github/currencortex/music/VisualizerPresetDeviceTest.kt:277:94 Unnecessary non-null assertion (!!) on a non-null receiver of type 'PlayerViewModel'.
w: file:///M:/app/src/androidTest/java/io/github/currencortex/music/VisualizerPresetDeviceTest.kt:289:31 Unnecessary non-null assertion (!!) on a non-null receiver of type 'PlayerViewModel'.
w: file:///M:/app/src/androidTest/java/io/github/currencortex/music/VisualizerRenderDeviceTest.kt:131:63 Unnecessary non-null assertion (!!) on a non-null receiver of type 'PlayerViewModel'.
w: file:///M:/app/src/androidTest/java/io/github/currencortex/music/VisualizerRenderDeviceTest.kt:179:23 Unnecessary non-null assertion (!!) on a non-null receiver of type 'PlayerViewModel'.
w: file:///M:/app/src/androidTest/java/io/github/currencortex/music/VisualizerRenderDeviceTest.kt:188:32 Unnecessary non-null assertion (!!) on a non-null receiver of type 'PlayerViewModel'.
w: file:///M:/app/src/androidTest/java/io/github/currencortex/music/VisualizerRenderDeviceTest.kt:190:67 Unnecessary non-null assertion (!!) on a non-null receiver of type 'PlayerViewModel'.
w: file:///M:/app/src/androidTest/java/io/github/currencortex/music/VisualizerRenderDeviceTest.kt:192:33 Unnecessary non-null assertion (!!) on a non-null receiver of type 'PlayerViewModel'.
w: file:///M:/app/src/androidTest/java/io/github/currencortex/music/VisualizerRenderDeviceTest.kt:194:69 Unnecessary non-null assertion (!!) on a non-null receiver of type 'PlayerViewModel'.
w: file:///M:/app/src/androidTest/java/io/github/currencortex/music/VisualizerRenderDeviceTest.kt:206:31 Unnecessary non-null assertion (!!) on a non-null receiver of type 'PlayerViewModel'.
w: file:///M:/app/src/androidTest/java/io/github/currencortex/music/VisualizerRenderDeviceTest.kt:212:94 Unnecessary non-null assertion (!!) on a non-null receiver of type 'PlayerViewModel'.
w: file:///M:/app/src/androidTest/java/io/github/currencortex/music/VisualizerRenderDeviceTest.kt:223:94 Unnecessary non-null assertion (!!) on a non-null receiver of type 'PlayerViewModel'.
w: file:///M:/app/src/androidTest/java/io/github/currencortex/music/VisualizerRenderDeviceTest.kt:233:31 Unnecessary non-null assertion (!!) on a non-null receiver of type 'PlayerViewModel'.

> Task :app:javaPreCompileDebugAndroidTest UP-TO-DATE
> Task :app:compileDebugAndroidTestJavaWithJavac UP-TO-DATE
> Task :app:mergeDebugShaders UP-TO-DATE
> Task :app:compileDebugShaders NO-SOURCE
> Task :app:generateDebugAssets UP-TO-DATE
> Task :app:mergeDebugAssets UP-TO-DATE
> Task :app:compressDebugAssets UP-TO-DATE
> Task :app:desugarDebugFileDependencies UP-TO-DATE
> Task :app:dexBuilderDebug UP-TO-DATE
> Task :app:mergeDebugGlobalSynthetics UP-TO-DATE
> Task :app:processDebugJavaRes UP-TO-DATE
> Task :app:mergeDebugJavaResource UP-TO-DATE
> Task :app:checkDebugDuplicateClasses UP-TO-DATE
> Task :app:mergeExtDexDebug UP-TO-DATE
> Task :app:mergeLibDexDebug UP-TO-DATE
> Task :app:mergeProjectDexDebug UP-TO-DATE
> Task :app:mergeDebugJniLibFolders UP-TO-DATE
> Task :app:mergeDebugNativeLibs UP-TO-DATE
> Task :app:stripDebugDebugSymbols UP-TO-DATE
> Task :app:validateSigningDebug UP-TO-DATE
> Task :app:writeDebugAppMetadata UP-TO-DATE
> Task :app:writeDebugSigningConfigVersions UP-TO-DATE
> Task :app:packageDebug UP-TO-DATE
> Task :app:createDebugApkListingFileRedirect UP-TO-DATE
> Task :app:mergeDebugAndroidTestShaders UP-TO-DATE
> Task :app:compileDebugAndroidTestShaders NO-SOURCE
> Task :app:generateDebugAndroidTestAssets UP-TO-DATE
> Task :app:mergeDebugAndroidTestAssets UP-TO-DATE
> Task :app:compressDebugAndroidTestAssets UP-TO-DATE
> Task :app:desugarDebugAndroidTestFileDependencies UP-TO-DATE
> Task :app:dexBuilderDebugAndroidTest
> Task :app:mergeDebugAndroidTestGlobalSynthetics UP-TO-DATE
> Task :app:processDebugAndroidTestJavaRes UP-TO-DATE
> Task :app:mergeDebugAndroidTestJavaResource UP-TO-DATE
> Task :app:checkDebugAndroidTestDuplicateClasses UP-TO-DATE
> Task :app:mergeExtDexDebugAndroidTest UP-TO-DATE
> Task :app:mergeLibDexDebugAndroidTest UP-TO-DATE
> Task :app:mergeProjectDexDebugAndroidTest
> Task :app:mergeDebugAndroidTestJniLibFolders UP-TO-DATE
> Task :app:mergeDebugAndroidTestNativeLibs NO-SOURCE
> Task :app:stripDebugAndroidTestDebugSymbols NO-SOURCE
> Task :app:validateSigningDebugAndroidTest UP-TO-DATE
> Task :app:writeDebugAndroidTestSigningConfigVersions UP-TO-DATE
> Task :app:packageDebugAndroidTest
> Task :app:createDebugAndroidTestApkListingFileRedirect UP-TO-DATE

> Task :app:connectedDebugAndroidTest
Starting 1 tests on RMX5060 - 16

RMX5060 - 16 Tests 0/1 completed. (0 skipped) (0 failed)

> Task :app:connectedDebugAndroidTest

io.github.currencortex.music.VisualizerPresetDeviceTest > allPresetsAndLifecycle[RMX5060 - 16] [31mFAILED [0m
	java.lang.AssertionError: Real FFT transient must produce a bounded glitch
	at io.github.currencortex.music.VisualizerPresetDeviceTest$verify$1.invokeSuspend$waitFor(VisualizerPresetDeviceTest.kt:91)
Tests on RMX5060 - 16 failed: There was 1 failure(s).

Finished 1 tests on RMX5060 - 16

> Task :app:connectedDebugAndroidTest FAILED

[Incubating] Problems report is available at: file:///M:/build/reports/problems/problems-report.html

FAILURE: Build failed with an exception.

* What went wrong:
Execution failed for task ':app:connectedDebugAndroidTest'.
> There were failing tests. See the report at: file:///M:/app/build/reports/androidTests/connected/debug/index.html

* Try:
> Run with --stacktrace option to get the stack trace.
> Run with --info or --debug option to get more log output.
> Run with --scan to get full insights.
> Get more help at https://help.gradle.org.

BUILD FAILED in 3m 43s
73 actionable tasks: 6 executed, 67 up-to-date
