INSTRUMENTATION_STATUS: class=io.github.currencortex.music.VisualizerPresetDeviceTest
INSTRUMENTATION_STATUS: current=1
INSTRUMENTATION_STATUS: id=AndroidJUnitRunner
INSTRUMENTATION_STATUS: numtests=1
INSTRUMENTATION_STATUS: stream=
io.github.currencortex.music.VisualizerPresetDeviceTest:
INSTRUMENTATION_STATUS: test=allPresetsAndLifecycle
INSTRUMENTATION_STATUS_CODE: 1
INSTRUMENTATION_STATUS: stream=M2 song-ready uptime=1183008844

INSTRUMENTATION_STATUS_CODE: 2
INSTRUMENTATION_STATUS: stream=M2 preset-NEON_PULSE uptime=1183021233

INSTRUMENTATION_STATUS_CODE: 2
INSTRUMENTATION_STATUS: stream=M2 preset-NEON_PULSE uptime=1183026371

INSTRUMENTATION_STATUS_CODE: 2
INSTRUMENTATION_STATUS: stream=M2 preset-NEON_PULSE uptime=1183031493

INSTRUMENTATION_STATUS_CODE: 2
INSTRUMENTATION_STATUS: stream=M2 preset-NEON_PULSE uptime=1183036576

INSTRUMENTATION_STATUS_CODE: 2
INSTRUMENTATION_STATUS: stream=M2 preset-NEON_PULSE uptime=1183041675

INSTRUMENTATION_STATUS_CODE: 2
INSTRUMENTATION_STATUS: stream=M2 preset-NEON_PULSE uptime=1183046244

INSTRUMENTATION_STATUS_CODE: 2
INSTRUMENTATION_STATUS: stream=M2 preset-ORBIT_SPECTRUM uptime=1183052146

INSTRUMENTATION_STATUS_CODE: 2
INSTRUMENTATION_STATUS: stream=M2 preset-ORBIT_SPECTRUM uptime=1183057194

INSTRUMENTATION_STATUS_CODE: 2
INSTRUMENTATION_STATUS: stream=M2 preset-ORBIT_SPECTRUM uptime=1183062233

INSTRUMENTATION_STATUS_CODE: 2
INSTRUMENTATION_STATUS: stream=M2 preset-ORBIT_SPECTRUM uptime=1183067274

INSTRUMENTATION_STATUS_CODE: 2
INSTRUMENTATION_STATUS: stream=M2 preset-ORBIT_SPECTRUM uptime=1183072376

INSTRUMENTATION_STATUS_CODE: 2
INSTRUMENTATION_STATUS: stream=M2 preset-ORBIT_SPECTRUM uptime=1183077057

INSTRUMENTATION_STATUS_CODE: 2
INSTRUMENTATION_STATUS: stream=M2 preset-BASS_IMPACT uptime=1183082836

INSTRUMENTATION_STATUS_CODE: 2
INSTRUMENTATION_STATUS: stream=M2 preset-BASS_IMPACT uptime=1183087968

INSTRUMENTATION_STATUS_CODE: 2
INSTRUMENTATION_STATUS: stream=M2 preset-BASS_IMPACT uptime=1183093036

INSTRUMENTATION_STATUS_CODE: 2
INSTRUMENTATION_STATUS: stream=M2 preset-BASS_IMPACT uptime=1183098166

INSTRUMENTATION_STATUS_CODE: 2
INSTRUMENTATION_STATUS: stream=M2 preset-BASS_IMPACT uptime=1183103295

INSTRUMENTATION_STATUS_CODE: 2
INSTRUMENTATION_STATUS: stream=M2 preset-BASS_IMPACT uptime=1183107765

INSTRUMENTATION_STATUS_CODE: 2
INSTRUMENTATION_STATUS: stream=M2 glitch-event uptime=1183110034

INSTRUMENTATION_STATUS_CODE: 2
INSTRUMENTATION_STATUS: stream=M2 preset-DARK_GLITCH uptime=1183113634

INSTRUMENTATION_STATUS_CODE: 2
INSTRUMENTATION_STATUS: stream=M2 preset-DARK_GLITCH uptime=1183118747

INSTRUMENTATION_STATUS_CODE: 2
INSTRUMENTATION_STATUS: stream=M2 preset-DARK_GLITCH uptime=1183123787

INSTRUMENTATION_STATUS_CODE: 2
INSTRUMENTATION_STATUS: stream=M2 preset-DARK_GLITCH uptime=1183128940

INSTRUMENTATION_STATUS_CODE: 2
INSTRUMENTATION_STATUS: stream=M2 preset-DARK_GLITCH uptime=1183133987

INSTRUMENTATION_STATUS_CODE: 2
INSTRUMENTATION_STATUS: stream=M2 preset-DARK_GLITCH uptime=1183138662

INSTRUMENTATION_STATUS_CODE: 2
INSTRUMENTATION_STATUS: stream=M2 eco uptime=1183144858

INSTRUMENTATION_STATUS_CODE: 2
INSTRUMENTATION_STATUS: stream=M2 soak uptime=1183150111

INSTRUMENTATION_STATUS_CODE: 2
INSTRUMENTATION_STATUS: stream=M2 soak uptime=1183155164

INSTRUMENTATION_STATUS_CODE: 2
INSTRUMENTATION_STATUS: stream=M2 soak uptime=1183160217

INSTRUMENTATION_STATUS_CODE: 2
INSTRUMENTATION_STATUS: stream=M2 soak uptime=1183165287

INSTRUMENTATION_STATUS_CODE: 2
INSTRUMENTATION_STATUS: stream=M2 seek uptime=1183166245

INSTRUMENTATION_STATUS_CODE: 2
INSTRUMENTATION_STATUS: stream=M2 paused uptime=1183166989

INSTRUMENTATION_STATUS_CODE: 2
INSTRUMENTATION_STATUS: stream=M2 background uptime=1183167222

INSTRUMENTATION_STATUS_CODE: 2
INSTRUMENTATION_STATUS: stream=M2 screen-off uptime=1183169592

INSTRUMENTATION_STATUS_CODE: 2
INSTRUMENTATION_STATUS: stream=M2 closed uptime=1183174117

INSTRUMENTATION_STATUS_CODE: 2
INSTRUMENTATION_STATUS: class=io.github.currencortex.music.VisualizerPresetDeviceTest
INSTRUMENTATION_STATUS: current=1
INSTRUMENTATION_STATUS: id=AndroidJUnitRunner
INSTRUMENTATION_STATUS: numtests=1
INSTRUMENTATION_STATUS: stream=.
INSTRUMENTATION_STATUS: test=allPresetsAndLifecycle
INSTRUMENTATION_STATUS_CODE: 0
INSTRUMENTATION_RESULT: stream=

Time: 178.526

OK (1 test)


INSTRUMENTATION_CODE: -1
