INSTRUMENTATION_STATUS: class=io.github.currencortex.music.VisualizerPresetDeviceTest
INSTRUMENTATION_STATUS: current=1
INSTRUMENTATION_STATUS: id=AndroidJUnitRunner
INSTRUMENTATION_STATUS: numtests=1
INSTRUMENTATION_STATUS: stream=
io.github.currencortex.music.VisualizerPresetDeviceTest:
INSTRUMENTATION_STATUS: test=darkGlitchMotionEvidence
INSTRUMENTATION_STATUS_CODE: 1
INSTRUMENTATION_STATUS: stream=M2 song-ready uptime=1183794202

INSTRUMENTATION_STATUS_CODE: 2
INSTRUMENTATION_STATUS: stream=M2 preset-DARK_GLITCH uptime=1183806652

INSTRUMENTATION_STATUS_CODE: 2
INSTRUMENTATION_STATUS: stream=M2 preset-DARK_GLITCH uptime=1183811742

INSTRUMENTATION_STATUS_CODE: 2
INSTRUMENTATION_STATUS: stream=M2 preset-DARK_GLITCH uptime=1183816851

INSTRUMENTATION_STATUS_CODE: 2
INSTRUMENTATION_STATUS: stream=M2 preset-DARK_GLITCH uptime=1183821933

INSTRUMENTATION_STATUS_CODE: 2
INSTRUMENTATION_STATUS: stream=M2 preset-DARK_GLITCH uptime=1183827035

INSTRUMENTATION_STATUS_CODE: 2
INSTRUMENTATION_STATUS: stream=M2 preset-DARK_GLITCH uptime=1183831707

INSTRUMENTATION_STATUS_CODE: 2
INSTRUMENTATION_STATUS: stream=M2 eco uptime=1183837869

INSTRUMENTATION_STATUS_CODE: 2
INSTRUMENTATION_STATUS: stream=M2 soak uptime=1183843096

INSTRUMENTATION_STATUS_CODE: 2
INSTRUMENTATION_STATUS: stream=M2 seek uptime=1183844061

INSTRUMENTATION_STATUS_CODE: 2
INSTRUMENTATION_STATUS: stream=M2 paused uptime=1183844807

INSTRUMENTATION_STATUS_CODE: 2
INSTRUMENTATION_STATUS: stream=M2 background uptime=1183845050

INSTRUMENTATION_STATUS_CODE: 2
INSTRUMENTATION_STATUS: stream=M2 screen-off uptime=1183847427

INSTRUMENTATION_STATUS_CODE: 2
INSTRUMENTATION_STATUS: stream=M2 closed uptime=1183853757

INSTRUMENTATION_STATUS_CODE: 2
INSTRUMENTATION_STATUS: class=io.github.currencortex.music.VisualizerPresetDeviceTest
INSTRUMENTATION_STATUS: current=1
INSTRUMENTATION_STATUS: id=AndroidJUnitRunner
INSTRUMENTATION_STATUS: numtests=1
INSTRUMENTATION_STATUS: stream=.
INSTRUMENTATION_STATUS: test=darkGlitchMotionEvidence
INSTRUMENTATION_STATUS_CODE: 0
INSTRUMENTATION_RESULT: stream=

Time: 73.567

OK (1 test)


INSTRUMENTATION_CODE: -1
