INSTRUMENTATION_STATUS: class=io.github.currencortex.music.VisualizerPresetDeviceTest
INSTRUMENTATION_STATUS: current=1
INSTRUMENTATION_STATUS: id=AndroidJUnitRunner
INSTRUMENTATION_STATUS: numtests=1
INSTRUMENTATION_STATUS: stream=
io.github.currencortex.music.VisualizerPresetDeviceTest:
INSTRUMENTATION_STATUS: test=complexPresetFifteenMinuteStability
INSTRUMENTATION_STATUS_CODE: 1
INSTRUMENTATION_STATUS: stream=M2 song-ready uptime=1172984263

INSTRUMENTATION_STATUS_CODE: 2
INSTRUMENTATION_STATUS: stream=M2 preset-NEON_PULSE uptime=1172997856

INSTRUMENTATION_STATUS_CODE: 2
INSTRUMENTATION_STATUS: stream=M2 preset-NEON_PULSE uptime=1173002926

INSTRUMENTATION_STATUS_CODE: 2
INSTRUMENTATION_STATUS: stream=M2 preset-NEON_PULSE uptime=1173008002

INSTRUMENTATION_STATUS_CODE: 2
INSTRUMENTATION_STATUS: stream=M2 preset-NEON_PULSE uptime=1173013086

INSTRUMENTATION_STATUS_CODE: 2
INSTRUMENTATION_STATUS: stream=M2 preset-NEON_PULSE uptime=1173018147

INSTRUMENTATION_STATUS_CODE: 2
INSTRUMENTATION_STATUS: stream=M2 preset-NEON_PULSE uptime=1173022854

INSTRUMENTATION_STATUS_CODE: 2
INSTRUMENTATION_STATUS: stream=M2 preset-ORBIT_SPECTRUM uptime=1173028732

INSTRUMENTATION_STATUS_CODE: 2
INSTRUMENTATION_STATUS: stream=M2 preset-ORBIT_SPECTRUM uptime=1173033815

INSTRUMENTATION_STATUS_CODE: 2
INSTRUMENTATION_STATUS: stream=M2 preset-ORBIT_SPECTRUM uptime=1173038895

INSTRUMENTATION_STATUS_CODE: 2
INSTRUMENTATION_STATUS: stream=M2 preset-ORBIT_SPECTRUM uptime=1173043973

INSTRUMENTATION_STATUS_CODE: 2
INSTRUMENTATION_STATUS: stream=M2 preset-ORBIT_SPECTRUM uptime=1173049022

INSTRUMENTATION_STATUS_CODE: 2
INSTRUMENTATION_STATUS: stream=M2 preset-ORBIT_SPECTRUM uptime=1173053711

INSTRUMENTATION_STATUS_CODE: 2
INSTRUMENTATION_STATUS: stream=M2 preset-BASS_IMPACT uptime=1173059438

INSTRUMENTATION_STATUS_CODE: 2
INSTRUMENTATION_STATUS: stream=M2 preset-BASS_IMPACT uptime=1173064533

INSTRUMENTATION_STATUS_CODE: 2
INSTRUMENTATION_STATUS: stream=M2 preset-BASS_IMPACT uptime=1173069618

INSTRUMENTATION_STATUS_CODE: 2
INSTRUMENTATION_STATUS: stream=M2 preset-BASS_IMPACT uptime=1173074705

INSTRUMENTATION_STATUS_CODE: 2
INSTRUMENTATION_STATUS: stream=M2 preset-BASS_IMPACT uptime=1173079788

INSTRUMENTATION_STATUS_CODE: 2
INSTRUMENTATION_STATUS: stream=M2 preset-BASS_IMPACT uptime=1173084445

INSTRUMENTATION_STATUS_CODE: 2
INSTRUMENTATION_STATUS: stream=M2 glitch-event uptime=1173086709

INSTRUMENTATION_STATUS_CODE: 2
INSTRUMENTATION_STATUS: stream=M2 preset-DARK_GLITCH uptime=1173090304

INSTRUMENTATION_STATUS_CODE: 2
INSTRUMENTATION_STATUS: stream=M2 preset-DARK_GLITCH uptime=1173095381

INSTRUMENTATION_STATUS_CODE: 2
INSTRUMENTATION_STATUS: stream=M2 preset-DARK_GLITCH uptime=1173100469

INSTRUMENTATION_STATUS_CODE: 2
INSTRUMENTATION_STATUS: stream=M2 preset-DARK_GLITCH uptime=1173105532

INSTRUMENTATION_STATUS_CODE: 2
INSTRUMENTATION_STATUS: stream=M2 preset-DARK_GLITCH uptime=1173110609

INSTRUMENTATION_STATUS_CODE: 2
INSTRUMENTATION_STATUS: stream=M2 preset-DARK_GLITCH uptime=1173115307

INSTRUMENTATION_STATUS_CODE: 2
INSTRUMENTATION_STATUS: stream=M2 eco uptime=1173121428

INSTRUMENTATION_STATUS_CODE: 2
INSTRUMENTATION_STATUS: stream=M2 soak uptime=1173126702

INSTRUMENTATION_STATUS_CODE: 2
INSTRUMENTATION_STATUS: stream=M2 soak uptime=1173131775

INSTRUMENTATION_STATUS_CODE: 2
INSTRUMENTATION_STATUS: stream=M2 soak uptime=1173136825

INSTRUMENTATION_STATUS_CODE: 2
INSTRUMENTATION_STATUS: stream=M2 soak uptime=1173141875

INSTRUMENTATION_STATUS_CODE: 2
INSTRUMENTATION_STATUS: stream=M2 soak uptime=1173146921

INSTRUMENTATION_STATUS_CODE: 2
INSTRUMENTATION_STATUS: stream=M2 soak uptime=1173151974

INSTRUMENTATION_STATUS_CODE: 2
INSTRUMENTATION_STATUS: stream=M2 soak uptime=1173157027

INSTRUMENTATION_STATUS_CODE: 2
INSTRUMENTATION_STATUS: stream=M2 soak uptime=1173162073

INSTRUMENTATION_STATUS_CODE: 2
INSTRUMENTATION_STATUS: stream=M2 soak uptime=1173167124

INSTRUMENTATION_STATUS_CODE: 2
INSTRUMENTATION_STATUS: stream=M2 soak uptime=1173172173

INSTRUMENTATION_STATUS_CODE: 2
INSTRUMENTATION_STATUS: stream=M2 soak uptime=1173177222

INSTRUMENTATION_STATUS_CODE: 2
INSTRUMENTATION_STATUS: stream=M2 soak uptime=1173182278

INSTRUMENTATION_STATUS_CODE: 2
INSTRUMENTATION_STATUS: stream=M2 soak uptime=1173187328

INSTRUMENTATION_STATUS_CODE: 2
INSTRUMENTATION_STATUS: stream=M2 soak uptime=1173192386

INSTRUMENTATION_STATUS_CODE: 2
INSTRUMENTATION_STATUS: stream=M2 soak uptime=1173197458

INSTRUMENTATION_STATUS_CODE: 2
INSTRUMENTATION_STATUS: stream=M2 soak uptime=1173202506

INSTRUMENTATION_STATUS_CODE: 2
INSTRUMENTATION_STATUS: stream=M2 soak uptime=1173207552

INSTRUMENTATION_STATUS_CODE: 2
INSTRUMENTATION_STATUS: stream=M2 soak uptime=1173212597

INSTRUMENTATION_STATUS_CODE: 2
INSTRUMENTATION_STATUS: stream=M2 soak uptime=1173217645

INSTRUMENTATION_STATUS_CODE: 2
INSTRUMENTATION_STATUS: stream=M2 soak uptime=1173222696

INSTRUMENTATION_STATUS_CODE: 2
INSTRUMENTATION_STATUS: stream=M2 soak uptime=1173227746

INSTRUMENTATION_STATUS_CODE: 2
INSTRUMENTATION_STATUS: stream=M2 soak uptime=1173232800

INSTRUMENTATION_STATUS_CODE: 2
INSTRUMENTATION_STATUS: stream=M2 soak uptime=1173237852

INSTRUMENTATION_STATUS_CODE: 2
INSTRUMENTATION_STATUS: stream=M2 soak uptime=1173242905

INSTRUMENTATION_STATUS_CODE: 2
INSTRUMENTATION_STATUS: stream=M2 soak uptime=1173247967

INSTRUMENTATION_STATUS_CODE: 2
INSTRUMENTATION_STATUS: stream=M2 soak uptime=1173253022

INSTRUMENTATION_STATUS_CODE: 2
INSTRUMENTATION_STATUS: stream=M2 soak uptime=1173258077

INSTRUMENTATION_STATUS_CODE: 2
INSTRUMENTATION_STATUS: stream=M2 soak uptime=1173263132

INSTRUMENTATION_STATUS_CODE: 2
INSTRUMENTATION_STATUS: stream=M2 soak uptime=1173268184

INSTRUMENTATION_STATUS_CODE: 2
INSTRUMENTATION_STATUS: stream=M2 soak uptime=1173273234

INSTRUMENTATION_STATUS_CODE: 2
INSTRUMENTATION_STATUS: stream=M2 soak uptime=1173278281

INSTRUMENTATION_STATUS_CODE: 2
INSTRUMENTATION_STATUS: stream=M2 soak uptime=1173283324

INSTRUMENTATION_STATUS_CODE: 2
INSTRUMENTATION_STATUS: stream=M2 soak uptime=1173288375

INSTRUMENTATION_STATUS_CODE: 2
INSTRUMENTATION_STATUS: stream=M2 soak uptime=1173293425

INSTRUMENTATION_STATUS_CODE: 2
INSTRUMENTATION_STATUS: stream=M2 soak uptime=1173298483

INSTRUMENTATION_STATUS_CODE: 2
INSTRUMENTATION_STATUS: stream=M2 soak uptime=1173303532

INSTRUMENTATION_STATUS_CODE: 2
INSTRUMENTATION_STATUS: stream=M2 soak uptime=1173308585

INSTRUMENTATION_STATUS_CODE: 2
INSTRUMENTATION_STATUS: stream=M2 soak uptime=1173313647

INSTRUMENTATION_STATUS_CODE: 2
INSTRUMENTATION_STATUS: stream=M2 soak uptime=1173318699

INSTRUMENTATION_STATUS_CODE: 2
INSTRUMENTATION_STATUS: stream=M2 soak uptime=1173323749

INSTRUMENTATION_STATUS_CODE: 2
INSTRUMENTATION_STATUS: stream=M2 soak uptime=1173328814

INSTRUMENTATION_STATUS_CODE: 2
INSTRUMENTATION_STATUS: stream=M2 soak uptime=1173333860

INSTRUMENTATION_STATUS_CODE: 2
INSTRUMENTATION_STATUS: stream=M2 soak uptime=1173338914

INSTRUMENTATION_STATUS_CODE: 2
INSTRUMENTATION_STATUS: stream=M2 soak uptime=1173343968

INSTRUMENTATION_STATUS_CODE: 2
INSTRUMENTATION_STATUS: stream=M2 soak uptime=1173349014

INSTRUMENTATION_STATUS_CODE: 2
INSTRUMENTATION_STATUS: stream=M2 soak uptime=1173354065

INSTRUMENTATION_STATUS_CODE: 2
INSTRUMENTATION_STATUS: stream=M2 soak uptime=1173359123

INSTRUMENTATION_STATUS_CODE: 2
INSTRUMENTATION_STATUS: stream=M2 soak uptime=1173364175

INSTRUMENTATION_STATUS_CODE: 2
INSTRUMENTATION_STATUS: stream=M2 soak uptime=1173369222

INSTRUMENTATION_STATUS_CODE: 2
INSTRUMENTATION_STATUS: stream=M2 soak uptime=1173374274

INSTRUMENTATION_STATUS_CODE: 2
INSTRUMENTATION_STATUS: stream=M2 soak uptime=1173379324

INSTRUMENTATION_STATUS_CODE: 2
INSTRUMENTATION_STATUS: stream=M2 soak uptime=1173384381

INSTRUMENTATION_STATUS_CODE: 2
INSTRUMENTATION_STATUS: stream=M2 soak uptime=1173389430

INSTRUMENTATION_STATUS_CODE: 2
INSTRUMENTATION_STATUS: stream=M2 soak uptime=1173394481

INSTRUMENTATION_STATUS_CODE: 2
INSTRUMENTATION_STATUS: stream=M2 soak uptime=1173399531

INSTRUMENTATION_STATUS_CODE: 2
INSTRUMENTATION_STATUS: stream=M2 soak uptime=1173404585

INSTRUMENTATION_STATUS_CODE: 2
INSTRUMENTATION_STATUS: stream=M2 soak uptime=1173409626

INSTRUMENTATION_STATUS_CODE: 2
INSTRUMENTATION_STATUS: stream=M2 soak uptime=1173414674

INSTRUMENTATION_STATUS_CODE: 2
INSTRUMENTATION_STATUS: stream=M2 soak uptime=1173419725

INSTRUMENTATION_STATUS_CODE: 2
INSTRUMENTATION_STATUS: stream=M2 soak uptime=1173424775

INSTRUMENTATION_STATUS_CODE: 2
INSTRUMENTATION_STATUS: stream=M2 soak uptime=1173429826

INSTRUMENTATION_STATUS_CODE: 2
INSTRUMENTATION_STATUS: stream=M2 soak uptime=1173434887

INSTRUMENTATION_STATUS_CODE: 2
INSTRUMENTATION_STATUS: stream=M2 soak uptime=1173439934

INSTRUMENTATION_STATUS_CODE: 2
INSTRUMENTATION_STATUS: stream=M2 soak uptime=1173444979

INSTRUMENTATION_STATUS_CODE: 2
INSTRUMENTATION_STATUS: stream=M2 soak uptime=1173450028

INSTRUMENTATION_STATUS_CODE: 2
INSTRUMENTATION_STATUS: stream=M2 soak uptime=1173455083

INSTRUMENTATION_STATUS_CODE: 2
INSTRUMENTATION_STATUS: stream=M2 soak uptime=1173460139

INSTRUMENTATION_STATUS_CODE: 2
INSTRUMENTATION_STATUS: stream=M2 soak uptime=1173465187

INSTRUMENTATION_STATUS_CODE: 2
INSTRUMENTATION_STATUS: stream=M2 soak uptime=1173470237

INSTRUMENTATION_STATUS_CODE: 2
INSTRUMENTATION_STATUS: stream=M2 soak uptime=1173475293

INSTRUMENTATION_STATUS_CODE: 2
INSTRUMENTATION_STATUS: stream=M2 soak uptime=1173480330

INSTRUMENTATION_STATUS_CODE: 2
INSTRUMENTATION_STATUS: stream=M2 soak uptime=1173485393

INSTRUMENTATION_STATUS_CODE: 2
INSTRUMENTATION_STATUS: stream=M2 soak uptime=1173490440

INSTRUMENTATION_STATUS_CODE: 2
INSTRUMENTATION_STATUS: stream=M2 soak uptime=1173495493

INSTRUMENTATION_STATUS_CODE: 2
INSTRUMENTATION_STATUS: stream=M2 soak uptime=1173500545

INSTRUMENTATION_STATUS_CODE: 2
INSTRUMENTATION_STATUS: stream=M2 soak uptime=1173505597

INSTRUMENTATION_STATUS_CODE: 2
INSTRUMENTATION_STATUS: stream=M2 soak uptime=1173510648

INSTRUMENTATION_STATUS_CODE: 2
INSTRUMENTATION_STATUS: stream=M2 soak uptime=1173515706

INSTRUMENTATION_STATUS_CODE: 2
INSTRUMENTATION_STATUS: stream=M2 soak uptime=1173520748

INSTRUMENTATION_STATUS_CODE: 2
INSTRUMENTATION_STATUS: stream=M2 soak uptime=1173525794

INSTRUMENTATION_STATUS_CODE: 2
INSTRUMENTATION_STATUS: stream=M2 soak uptime=1173530846

INSTRUMENTATION_STATUS_CODE: 2
INSTRUMENTATION_STATUS: stream=M2 soak uptime=1173535896

INSTRUMENTATION_STATUS_CODE: 2
INSTRUMENTATION_STATUS: stream=M2 soak uptime=1173540950

INSTRUMENTATION_STATUS_CODE: 2
INSTRUMENTATION_STATUS: stream=M2 soak uptime=1173546005

INSTRUMENTATION_STATUS_CODE: 2
INSTRUMENTATION_STATUS: stream=M2 soak uptime=1173551059

INSTRUMENTATION_STATUS_CODE: 2
INSTRUMENTATION_STATUS: stream=M2 soak uptime=1173556102

INSTRUMENTATION_STATUS_CODE: 2
INSTRUMENTATION_STATUS: stream=M2 soak uptime=1173561158

INSTRUMENTATION_STATUS_CODE: 2
INSTRUMENTATION_STATUS: stream=M2 soak uptime=1173566213

INSTRUMENTATION_STATUS_CODE: 2
INSTRUMENTATION_STATUS: stream=M2 soak uptime=1173571267

INSTRUMENTATION_STATUS_CODE: 2
INSTRUMENTATION_STATUS: stream=M2 soak uptime=1173576323

INSTRUMENTATION_STATUS_CODE: 2
INSTRUMENTATION_STATUS: class=io.github.currencortex.music.VisualizerPresetDeviceTest
INSTRUMENTATION_STATUS: current=1
INSTRUMENTATION_STATUS: id=AndroidJUnitRunner
INSTRUMENTATION_STATUS: numtests=1
INSTRUMENTATION_STATUS: stack=java.lang.AssertionError: Render loop unexpectedly stopped during playback
	at org.junit.Assert.fail(Assert.java:89)
	at org.junit.Assert.assertTrue(Assert.java:42)
	at io.github.currencortex.music.VisualizerPresetDeviceTest$verify$1.invokeSuspend(VisualizerPresetDeviceTest.kt:291)
	at kotlin.coroutines.jvm.internal.BaseContinuationImpl.resumeWith(ContinuationImpl.kt:34)
	at kotlinx.coroutines.DispatchedTaskKt.resume(DispatchedTask.kt:233)
	at kotlinx.coroutines.DispatchedTaskKt.dispatch(DispatchedTask.kt:152)
	at kotlinx.coroutines.CancellableContinuationImpl.dispatchResume(CancellableContinuationImpl.kt:470)
	at kotlinx.coroutines.CancellableContinuationImpl.resumeImpl$kotlinx_coroutines_core(CancellableContinuationImpl.kt:504)
	at kotlinx.coroutines.CancellableContinuationImpl.resumeImpl$kotlinx_coroutines_core$default(CancellableContinuationImpl.kt:493)
	at kotlinx.coroutines.CancellableContinuationImpl.resumeUndispatched(CancellableContinuationImpl.kt:596)
	at kotlinx.coroutines.EventLoopImplBase$DelayedResumeTask.run(EventLoop.common.kt:497)
	at kotlinx.coroutines.EventLoopImplBase.processNextEvent(EventLoop.common.kt:263)
	at kotlinx.coroutines.BlockingCoroutine.joinBlocking(Builders.kt:94)
	at kotlinx.coroutines.BuildersKt__BuildersKt.runBlocking(Builders.kt:70)
	at kotlinx.coroutines.BuildersKt.runBlocking(Unknown Source:1)
	at kotlinx.coroutines.BuildersKt__BuildersKt.runBlocking$default(Builders.kt:48)
	at kotlinx.coroutines.BuildersKt.runBlocking$default(Unknown Source:1)
	at io.github.currencortex.music.VisualizerPresetDeviceTest.verify(VisualizerPresetDeviceTest.kt:50)
	at io.github.currencortex.music.VisualizerPresetDeviceTest.verify$default(VisualizerPresetDeviceTest.kt:50)
	at io.github.currencortex.music.VisualizerPresetDeviceTest.complexPresetFifteenMinuteStability(VisualizerPresetDeviceTest.kt:45)

INSTRUMENTATION_STATUS: stream=
Error in complexPresetFifteenMinuteStability(io.github.currencortex.music.VisualizerPresetDeviceTest):
java.lang.AssertionError: Render loop unexpectedly stopped during playback
	at org.junit.Assert.fail(Assert.java:89)
	at org.junit.Assert.assertTrue(Assert.java:42)
	at io.github.currencortex.music.VisualizerPresetDeviceTest$verify$1.invokeSuspend(VisualizerPresetDeviceTest.kt:291)
	at kotlin.coroutines.jvm.internal.BaseContinuationImpl.resumeWith(ContinuationImpl.kt:34)
	at kotlinx.coroutines.DispatchedTaskKt.resume(DispatchedTask.kt:233)
	at kotlinx.coroutines.DispatchedTaskKt.dispatch(DispatchedTask.kt:152)
	at kotlinx.coroutines.CancellableContinuationImpl.dispatchResume(CancellableContinuationImpl.kt:470)
	at kotlinx.coroutines.CancellableContinuationImpl.resumeImpl$kotlinx_coroutines_core(CancellableContinuationImpl.kt:504)
	at kotlinx.coroutines.CancellableContinuationImpl.resumeImpl$kotlinx_coroutines_core$default(CancellableContinuationImpl.kt:493)
	at kotlinx.coroutines.CancellableContinuationImpl.resumeUndispatched(CancellableContinuationImpl.kt:596)
	at kotlinx.coroutines.EventLoopImplBase$DelayedResumeTask.run(EventLoop.common.kt:497)
	at kotlinx.coroutines.EventLoopImplBase.processNextEvent(EventLoop.common.kt:263)
	at kotlinx.coroutines.BlockingCoroutine.joinBlocking(Builders.kt:94)
	at kotlinx.coroutines.BuildersKt__BuildersKt.runBlocking(Builders.kt:70)
	at kotlinx.coroutines.BuildersKt.runBlocking(Unknown Source:1)
	at kotlinx.coroutines.BuildersKt__BuildersKt.runBlocking$default(Builders.kt:48)
	at kotlinx.coroutines.BuildersKt.runBlocking$default(Unknown Source:1)
	at io.github.currencortex.music.VisualizerPresetDeviceTest.verify(VisualizerPresetDeviceTest.kt:50)
	at io.github.currencortex.music.VisualizerPresetDeviceTest.verify$default(VisualizerPresetDeviceTest.kt:50)
	at io.github.currencortex.music.VisualizerPresetDeviceTest.complexPresetFifteenMinuteStability(VisualizerPresetDeviceTest.kt:45)

INSTRUMENTATION_STATUS: test=complexPresetFifteenMinuteStability
INSTRUMENTATION_STATUS_CODE: -2
INSTRUMENTATION_RESULT: stream=

Time: 601.477
There was 1 failure:
1) complexPresetFifteenMinuteStability(io.github.currencortex.music.VisualizerPresetDeviceTest)
java.lang.AssertionError: Render loop unexpectedly stopped during playback
	at org.junit.Assert.fail(Assert.java:89)
	at org.junit.Assert.assertTrue(Assert.java:42)
	at io.github.currencortex.music.VisualizerPresetDeviceTest$verify$1.invokeSuspend(VisualizerPresetDeviceTest.kt:291)
	at kotlin.coroutines.jvm.internal.BaseContinuationImpl.resumeWith(ContinuationImpl.kt:34)
	at kotlinx.coroutines.DispatchedTaskKt.resume(DispatchedTask.kt:233)
	at kotlinx.coroutines.DispatchedTaskKt.dispatch(DispatchedTask.kt:152)
	at kotlinx.coroutines.CancellableContinuationImpl.dispatchResume(CancellableContinuationImpl.kt:470)
	at kotlinx.coroutines.CancellableContinuationImpl.resumeImpl$kotlinx_coroutines_core(CancellableContinuationImpl.kt:504)
	at kotlinx.coroutines.CancellableContinuationImpl.resumeImpl$kotlinx_coroutines_core$default(CancellableContinuationImpl.kt:493)
	at kotlinx.coroutines.CancellableContinuationImpl.resumeUndispatched(CancellableContinuationImpl.kt:596)
	at kotlinx.coroutines.EventLoopImplBase$DelayedResumeTask.run(EventLoop.common.kt:497)
	at kotlinx.coroutines.EventLoopImplBase.processNextEvent(EventLoop.common.kt:263)
	at kotlinx.coroutines.BlockingCoroutine.joinBlocking(Builders.kt:94)
	at kotlinx.coroutines.BuildersKt__BuildersKt.runBlocking(Builders.kt:70)
	at kotlinx.coroutines.BuildersKt.runBlocking(Unknown Source:1)
	at kotlinx.coroutines.BuildersKt__BuildersKt.runBlocking$default(Builders.kt:48)
	at kotlinx.coroutines.BuildersKt.runBlocking$default(Unknown Source:1)
	at io.github.currencortex.music.VisualizerPresetDeviceTest.verify(VisualizerPresetDeviceTest.kt:50)
	at io.github.currencortex.music.VisualizerPresetDeviceTest.verify$default(VisualizerPresetDeviceTest.kt:50)
	at io.github.currencortex.music.VisualizerPresetDeviceTest.complexPresetFifteenMinuteStability(VisualizerPresetDeviceTest.kt:45)

FAILURES!!!
Tests run: 1,  Failures: 1


INSTRUMENTATION_CODE: -1
