INSTRUMENTATION_STATUS: class=io.github.currencortex.music.PlaybackQueuePageTest
INSTRUMENTATION_STATUS: current=1
INSTRUMENTATION_STATUS: id=AndroidJUnitRunner
INSTRUMENTATION_STATUS: numtests=3
INSTRUMENTATION_STATUS: stream=
io.github.currencortex.music.PlaybackQueuePageTest:
INSTRUMENTATION_STATUS: test=rowsModesRemovalAndClearKeepTheQueuePageOpen
INSTRUMENTATION_STATUS_CODE: 1
INSTRUMENTATION_STATUS: class=io.github.currencortex.music.PlaybackQueuePageTest
INSTRUMENTATION_STATUS: current=1
INSTRUMENTATION_STATUS: id=AndroidJUnitRunner
INSTRUMENTATION_STATUS: numtests=3
INSTRUMENTATION_STATUS: stream=.
INSTRUMENTATION_STATUS: test=rowsModesRemovalAndClearKeepTheQueuePageOpen
INSTRUMENTATION_STATUS_CODE: 0
INSTRUMENTATION_STATUS: class=io.github.currencortex.music.PlaybackQueuePageTest
INSTRUMENTATION_STATUS: current=2
INSTRUMENTATION_STATUS: id=AndroidJUnitRunner
INSTRUMENTATION_STATUS: numtests=3
INSTRUMENTATION_STATUS: stream=
INSTRUMENTATION_STATUS: test=listScrollingSmallDragAndFullDragHaveSeparateOutcomes
INSTRUMENTATION_STATUS_CODE: 1
INSTRUMENTATION_STATUS: class=io.github.currencortex.music.PlaybackQueuePageTest
INSTRUMENTATION_STATUS: current=2
INSTRUMENTATION_STATUS: id=AndroidJUnitRunner
INSTRUMENTATION_STATUS: numtests=3
INSTRUMENTATION_STATUS: stream=.
INSTRUMENTATION_STATUS: test=listScrollingSmallDragAndFullDragHaveSeparateOutcomes
INSTRUMENTATION_STATUS_CODE: 0
INSTRUMENTATION_STATUS: class=io.github.currencortex.music.LyricsDisplayCapabilitiesTest
INSTRUMENTATION_STATUS: current=3
INSTRUMENTATION_STATUS: id=AndroidJUnitRunner
INSTRUMENTATION_STATUS: numtests=3
INSTRUMENTATION_STATUS: stream=
io.github.currencortex.music.LyricsDisplayCapabilitiesTest:
INSTRUMENTATION_STATUS: test=miniLyricsFollowPositionAndSettingsCanHideAndRestoreControls
INSTRUMENTATION_STATUS_CODE: 1
INSTRUMENTATION_STATUS: class=io.github.currencortex.music.LyricsDisplayCapabilitiesTest
INSTRUMENTATION_STATUS: current=3
INSTRUMENTATION_STATUS: id=AndroidJUnitRunner
INSTRUMENTATION_STATUS: numtests=3
INSTRUMENTATION_STATUS: stream=.
INSTRUMENTATION_STATUS: test=miniLyricsFollowPositionAndSettingsCanHideAndRestoreControls
INSTRUMENTATION_STATUS_CODE: 0
INSTRUMENTATION_RESULT: stream=

Time: 12.744

OK (3 tests)


INSTRUMENTATION_CODE: -1
