INSTRUMENTATION_STATUS: class=io.github.currencortex.music.VisualizerDebugUiTest
INSTRUMENTATION_STATUS: current=1
INSTRUMENTATION_STATUS: id=AndroidJUnitRunner
INSTRUMENTATION_STATUS: numtests=27
INSTRUMENTATION_STATUS: stream=
io.github.currencortex.music.VisualizerDebugUiTest:
INSTRUMENTATION_STATUS: test=previewSelectorAndParametersPersistWithoutImplicitAudioOptIn
INSTRUMENTATION_STATUS_CODE: 1
INSTRUMENTATION_STATUS: class=io.github.currencortex.music.VisualizerDebugUiTest
INSTRUMENTATION_STATUS: current=1
INSTRUMENTATION_STATUS: id=AndroidJUnitRunner
INSTRUMENTATION_STATUS: numtests=27
INSTRUMENTATION_STATUS: stream=.
INSTRUMENTATION_STATUS: test=previewSelectorAndParametersPersistWithoutImplicitAudioOptIn
INSTRUMENTATION_STATUS_CODE: 0
INSTRUMENTATION_STATUS: class=io.github.currencortex.music.VisualizerDebugUiTest
INSTRUMENTATION_STATUS: current=2
INSTRUMENTATION_STATUS: id=AndroidJUnitRunner
INSTRUMENTATION_STATUS: numtests=27
INSTRUMENTATION_STATUS: stream=
INSTRUMENTATION_STATUS: test=playerMenuOpensRealDiagnosticsWithCaptureOffAndLeavesArtworkIntact
INSTRUMENTATION_STATUS_CODE: 1
INSTRUMENTATION_STATUS: class=io.github.currencortex.music.VisualizerDebugUiTest
INSTRUMENTATION_STATUS: current=2
INSTRUMENTATION_STATUS: id=AndroidJUnitRunner
INSTRUMENTATION_STATUS: numtests=27
INSTRUMENTATION_STATUS: stream=.
INSTRUMENTATION_STATUS: test=playerMenuOpensRealDiagnosticsWithCaptureOffAndLeavesArtworkIntact
INSTRUMENTATION_STATUS_CODE: 0
INSTRUMENTATION_STATUS: class=io.github.currencortex.music.VisualizerPreviewLayoutTest
INSTRUMENTATION_STATUS: current=3
INSTRUMENTATION_STATUS: id=AndroidJUnitRunner
INSTRUMENTATION_STATUS: numtests=27
INSTRUMENTATION_STATUS: stream=
io.github.currencortex.music.VisualizerPreviewLayoutTest:
INSTRUMENTATION_STATUS: test=largeFontLandscapeKeepsSquareStageAndReachableControls
INSTRUMENTATION_STATUS_CODE: 1
INSTRUMENTATION_STATUS: class=io.github.currencortex.music.VisualizerPreviewLayoutTest
INSTRUMENTATION_STATUS: current=3
INSTRUMENTATION_STATUS: id=AndroidJUnitRunner
INSTRUMENTATION_STATUS: numtests=27
INSTRUMENTATION_STATUS: stream=.
INSTRUMENTATION_STATUS: test=largeFontLandscapeKeepsSquareStageAndReachableControls
INSTRUMENTATION_STATUS_CODE: 0
INSTRUMENTATION_STATUS: class=io.github.currencortex.music.VisualizerPreviewLayoutTest
INSTRUMENTATION_STATUS: current=4
INSTRUMENTATION_STATUS: id=AndroidJUnitRunner
INSTRUMENTATION_STATUS: numtests=27
INSTRUMENTATION_STATUS: stream=
INSTRUMENTATION_STATUS: test=narrowShortViewportKeepsSquareStageAndReachableControls
INSTRUMENTATION_STATUS_CODE: 1
INSTRUMENTATION_STATUS: class=io.github.currencortex.music.VisualizerPreviewLayoutTest
INSTRUMENTATION_STATUS: current=4
INSTRUMENTATION_STATUS: id=AndroidJUnitRunner
INSTRUMENTATION_STATUS: numtests=27
INSTRUMENTATION_STATUS: stream=.
INSTRUMENTATION_STATUS: test=narrowShortViewportKeepsSquareStageAndReachableControls
INSTRUMENTATION_STATUS_CODE: 0
INSTRUMENTATION_STATUS: class=io.github.currencortex.music.VisualizerSettingsTest
INSTRUMENTATION_STATUS: current=5
INSTRUMENTATION_STATUS: id=AndroidJUnitRunner
INSTRUMENTATION_STATUS: numtests=27
INSTRUMENTATION_STATUS: stream=
io.github.currencortex.music.VisualizerSettingsTest:
INSTRUMENTATION_STATUS: test=captureDefaultsOffAndOptInPersistsWithoutChangingOtherSettings
INSTRUMENTATION_STATUS_CODE: 1
INSTRUMENTATION_STATUS: class=io.github.currencortex.music.VisualizerSettingsTest
INSTRUMENTATION_STATUS: current=5
INSTRUMENTATION_STATUS: id=AndroidJUnitRunner
INSTRUMENTATION_STATUS: numtests=27
INSTRUMENTATION_STATUS: stream=.
INSTRUMENTATION_STATUS: test=captureDefaultsOffAndOptInPersistsWithoutChangingOtherSettings
INSTRUMENTATION_STATUS_CODE: 0
INSTRUMENTATION_STATUS: class=io.github.currencortex.music.VisualizerEffectsSettingsTest
INSTRUMENTATION_STATUS: current=6
INSTRUMENTATION_STATUS: id=AndroidJUnitRunner
INSTRUMENTATION_STATUS: numtests=27
INSTRUMENTATION_STATUS: stream=
io.github.currencortex.music.VisualizerEffectsSettingsTest:
INSTRUMENTATION_STATUS: test=allEffectParametersPersistInActualDataStoreAndShareM0M1Switches
INSTRUMENTATION_STATUS_CODE: 1
INSTRUMENTATION_STATUS: class=io.github.currencortex.music.VisualizerEffectsSettingsTest
INSTRUMENTATION_STATUS: current=6
INSTRUMENTATION_STATUS: id=AndroidJUnitRunner
INSTRUMENTATION_STATUS: numtests=27
INSTRUMENTATION_STATUS: stream=.
INSTRUMENTATION_STATUS: test=allEffectParametersPersistInActualDataStoreAndShareM0M1Switches
INSTRUMENTATION_STATUS_CODE: 0
INSTRUMENTATION_STATUS: class=io.github.currencortex.music.PlayerControlsFeedbackTest
INSTRUMENTATION_STATUS: current=7
INSTRUMENTATION_STATUS: id=AndroidJUnitRunner
INSTRUMENTATION_STATUS: numtests=27
INSTRUMENTATION_STATUS: stream=
io.github.currencortex.music.PlayerControlsFeedbackTest:
INSTRUMENTATION_STATUS: test=compactActionsAnimateWhileKeepingTouchTargetsAndClickSemantics
INSTRUMENTATION_STATUS_CODE: 1
INSTRUMENTATION_STATUS: class=io.github.currencortex.music.PlayerControlsFeedbackTest
INSTRUMENTATION_STATUS: current=7
INSTRUMENTATION_STATUS: id=AndroidJUnitRunner
INSTRUMENTATION_STATUS: numtests=27
INSTRUMENTATION_STATUS: stream=.
INSTRUMENTATION_STATUS: test=compactActionsAnimateWhileKeepingTouchTargetsAndClickSemantics
INSTRUMENTATION_STATUS_CODE: 0
INSTRUMENTATION_STATUS: class=io.github.currencortex.music.PlayerSheetCapabilitiesTest
INSTRUMENTATION_STATUS: current=8
INSTRUMENTATION_STATUS: id=AndroidJUnitRunner
INSTRUMENTATION_STATUS: numtests=27
INSTRUMENTATION_STATUS: stream=
io.github.currencortex.music.PlayerSheetCapabilitiesTest:
INSTRUMENTATION_STATUS: test=coverLyricsAndPagerFollowDragWithoutChangingPlayback
INSTRUMENTATION_STATUS_CODE: 1
INSTRUMENTATION_STATUS: class=io.github.currencortex.music.PlayerSheetCapabilitiesTest
INSTRUMENTATION_STATUS: current=8
INSTRUMENTATION_STATUS: id=AndroidJUnitRunner
INSTRUMENTATION_STATUS: numtests=27
INSTRUMENTATION_STATUS: stream=.
INSTRUMENTATION_STATUS: test=coverLyricsAndPagerFollowDragWithoutChangingPlayback
INSTRUMENTATION_STATUS_CODE: 0
INSTRUMENTATION_STATUS: class=io.github.currencortex.music.PlayerSheetCapabilitiesTest
INSTRUMENTATION_STATUS: current=9
INSTRUMENTATION_STATUS: id=AndroidJUnitRunner
INSTRUMENTATION_STATUS: numtests=27
INSTRUMENTATION_STATUS: stream=
INSTRUMENTATION_STATUS: test=pagerSharesOneCircularArtworkAlongReversibleArc
INSTRUMENTATION_STATUS_CODE: 1
INSTRUMENTATION_STATUS: class=io.github.currencortex.music.PlayerSheetCapabilitiesTest
INSTRUMENTATION_STATUS: current=9
INSTRUMENTATION_STATUS: id=AndroidJUnitRunner
INSTRUMENTATION_STATUS: numtests=27
INSTRUMENTATION_STATUS: stream=.
INSTRUMENTATION_STATUS: test=pagerSharesOneCircularArtworkAlongReversibleArc
INSTRUMENTATION_STATUS_CODE: 0
INSTRUMENTATION_STATUS: class=io.github.currencortex.music.PlayerSheetCapabilitiesTest
INSTRUMENTATION_STATUS: current=10
INSTRUMENTATION_STATUS: id=AndroidJUnitRunner
INSTRUMENTATION_STATUS: numtests=27
INSTRUMENTATION_STATUS: stream=
INSTRUMENTATION_STATUS: test=miniExpandsVerticallyAndCollapsesBackToTheSameSecondaryPage
INSTRUMENTATION_STATUS_CODE: 1
INSTRUMENTATION_STATUS: class=io.github.currencortex.music.PlayerSheetCapabilitiesTest
INSTRUMENTATION_STATUS: current=10
INSTRUMENTATION_STATUS: id=AndroidJUnitRunner
INSTRUMENTATION_STATUS: numtests=27
INSTRUMENTATION_STATUS: stream=.
INSTRUMENTATION_STATUS: test=miniExpandsVerticallyAndCollapsesBackToTheSameSecondaryPage
INSTRUMENTATION_STATUS_CODE: 0
INSTRUMENTATION_STATUS: class=io.github.currencortex.music.MiniPlayerInteractionTest
INSTRUMENTATION_STATUS: current=11
INSTRUMENTATION_STATUS: id=AndroidJUnitRunner
INSTRUMENTATION_STATUS: numtests=27
INSTRUMENTATION_STATUS: stream=
io.github.currencortex.music.MiniPlayerInteractionTest:
INSTRUMENTATION_STATUS: test=fixedNavigationRemainsVisibleWithGlassMiniPlayer
INSTRUMENTATION_STATUS_CODE: 1
INSTRUMENTATION_STATUS: class=io.github.currencortex.music.MiniPlayerInteractionTest
INSTRUMENTATION_STATUS: current=11
INSTRUMENTATION_STATUS: id=AndroidJUnitRunner
INSTRUMENTATION_STATUS: numtests=27
INSTRUMENTATION_STATUS: stream=.
INSTRUMENTATION_STATUS: test=fixedNavigationRemainsVisibleWithGlassMiniPlayer
INSTRUMENTATION_STATUS_CODE: 0
INSTRUMENTATION_STATUS: class=io.github.currencortex.music.MiniPlayerInteractionTest
INSTRUMENTATION_STATUS: current=12
INSTRUMENTATION_STATUS: id=AndroidJUnitRunner
INSTRUMENTATION_STATUS: numtests=27
INSTRUMENTATION_STATUS: stream=
INSTRUMENTATION_STATUS: test=titleSwipesDispatchOnceAndShortOrCancelledDragsDoNotClickOrSkip
INSTRUMENTATION_STATUS_CODE: 1
INSTRUMENTATION_STATUS: class=io.github.currencortex.music.MiniPlayerInteractionTest
INSTRUMENTATION_STATUS: current=12
INSTRUMENTATION_STATUS: id=AndroidJUnitRunner
INSTRUMENTATION_STATUS: numtests=27
INSTRUMENTATION_STATUS: stream=.
INSTRUMENTATION_STATUS: test=titleSwipesDispatchOnceAndShortOrCancelledDragsDoNotClickOrSkip
INSTRUMENTATION_STATUS_CODE: 0
INSTRUMENTATION_STATUS: class=io.github.currencortex.music.MiniPlayerInteractionTest
INSTRUMENTATION_STATUS: current=13
INSTRUMENTATION_STATUS: id=AndroidJUnitRunner
INSTRUMENTATION_STATUS: numtests=27
INSTRUMENTATION_STATUS: stream=
INSTRUMENTATION_STATUS: test=memberSwipesAreIgnoredAndPromotionRestoresGestureControls
INSTRUMENTATION_STATUS_CODE: 1
INSTRUMENTATION_STATUS: class=io.github.currencortex.music.MiniPlayerInteractionTest
INSTRUMENTATION_STATUS: current=13
INSTRUMENTATION_STATUS: id=AndroidJUnitRunner
INSTRUMENTATION_STATUS: numtests=27
INSTRUMENTATION_STATUS: stream=.
INSTRUMENTATION_STATUS: test=memberSwipesAreIgnoredAndPromotionRestoresGestureControls
INSTRUMENTATION_STATUS_CODE: 0
INSTRUMENTATION_STATUS: class=io.github.currencortex.music.MiniPlayerInteractionTest
INSTRUMENTATION_STATUS: current=14
INSTRUMENTATION_STATUS: id=AndroidJUnitRunner
INSTRUMENTATION_STATUS: numtests=27
INSTRUMENTATION_STATUS: stream=
INSTRUMENTATION_STATUS: test=playIntentIsImmediateBeforeConnectionAndLoadingRingReturnsToProgress
INSTRUMENTATION_STATUS_CODE: 1
INSTRUMENTATION_STATUS: class=io.github.currencortex.music.MiniPlayerInteractionTest
INSTRUMENTATION_STATUS: current=14
INSTRUMENTATION_STATUS: id=AndroidJUnitRunner
INSTRUMENTATION_STATUS: numtests=27
INSTRUMENTATION_STATUS: stream=.
INSTRUMENTATION_STATUS: test=playIntentIsImmediateBeforeConnectionAndLoadingRingReturnsToProgress
INSTRUMENTATION_STATUS_CODE: 0
INSTRUMENTATION_STATUS: class=io.github.currencortex.music.MiniPlayerInteractionTest
INSTRUMENTATION_STATUS: current=15
INSTRUMENTATION_STATUS: id=AndroidJUnitRunner
INSTRUMENTATION_STATUS: numtests=27
INSTRUMENTATION_STATUS: stream=
INSTRUMENTATION_STATUS: test=progressRingFollowsPositionAndResetsWhenTrackChanges
INSTRUMENTATION_STATUS_CODE: 1
INSTRUMENTATION_STATUS: class=io.github.currencortex.music.MiniPlayerInteractionTest
INSTRUMENTATION_STATUS: current=15
INSTRUMENTATION_STATUS: id=AndroidJUnitRunner
INSTRUMENTATION_STATUS: numtests=27
INSTRUMENTATION_STATUS: stream=.
INSTRUMENTATION_STATUS: test=progressRingFollowsPositionAndResetsWhenTrackChanges
INSTRUMENTATION_STATUS_CODE: 0
INSTRUMENTATION_STATUS: class=io.github.currencortex.music.MiniPlayerInteractionTest
INSTRUMENTATION_STATUS: current=16
INSTRUMENTATION_STATUS: id=AndroidJUnitRunner
INSTRUMENTATION_STATUS: numtests=27
INSTRUMENTATION_STATUS: stream=
INSTRUMENTATION_STATUS: test=coverRotatesOnlyWhilePlayingResumesItsAngleAndResetsOnTrackChange
INSTRUMENTATION_STATUS_CODE: 1
INSTRUMENTATION_STATUS: class=io.github.currencortex.music.MiniPlayerInteractionTest
INSTRUMENTATION_STATUS: current=16
INSTRUMENTATION_STATUS: id=AndroidJUnitRunner
INSTRUMENTATION_STATUS: numtests=27
INSTRUMENTATION_STATUS: stream=.
INSTRUMENTATION_STATUS: test=coverRotatesOnlyWhilePlayingResumesItsAngleAndResetsOnTrackChange
INSTRUMENTATION_STATUS_CODE: 0
INSTRUMENTATION_STATUS: class=io.github.currencortex.music.MiniPlayerInteractionTest
INSTRUMENTATION_STATUS: current=17
INSTRUMENTATION_STATUS: id=AndroidJUnitRunner
INSTRUMENTATION_STATUS: numtests=27
INSTRUMENTATION_STATUS: stream=
INSTRUMENTATION_STATUS: test=rootSharesGlassMaterialAndQueueDismissKeepsCurrentPageAndPausedQueue
INSTRUMENTATION_STATUS_CODE: 1
INSTRUMENTATION_STATUS: class=io.github.currencortex.music.MiniPlayerInteractionTest
INSTRUMENTATION_STATUS: current=17
INSTRUMENTATION_STATUS: id=AndroidJUnitRunner
INSTRUMENTATION_STATUS: numtests=27
INSTRUMENTATION_STATUS: stream=.
INSTRUMENTATION_STATUS: test=rootSharesGlassMaterialAndQueueDismissKeepsCurrentPageAndPausedQueue
INSTRUMENTATION_STATUS_CODE: 0
INSTRUMENTATION_STATUS: class=io.github.currencortex.music.MiniPlayerInteractionTest
INSTRUMENTATION_STATUS: current=18
INSTRUMENTATION_STATUS: id=AndroidJUnitRunner
INSTRUMENTATION_STATUS: numtests=27
INSTRUMENTATION_STATUS: stream=
INSTRUMENTATION_STATUS: test=clearingAudioCacheOnlyDropsFixtureCacheAndKeepsQueue
INSTRUMENTATION_STATUS_CODE: 1
INSTRUMENTATION_STATUS: class=io.github.currencortex.music.MiniPlayerInteractionTest
INSTRUMENTATION_STATUS: current=18
INSTRUMENTATION_STATUS: id=AndroidJUnitRunner
INSTRUMENTATION_STATUS: numtests=27
INSTRUMENTATION_STATUS: stream=.
INSTRUMENTATION_STATUS: test=clearingAudioCacheOnlyDropsFixtureCacheAndKeepsQueue
INSTRUMENTATION_STATUS_CODE: 0
INSTRUMENTATION_STATUS: class=io.github.currencortex.music.MiniPlayerInteractionTest
INSTRUMENTATION_STATUS: current=19
INSTRUMENTATION_STATUS: id=AndroidJUnitRunner
INSTRUMENTATION_STATUS: numtests=27
INSTRUMENTATION_STATUS: stream=
INSTRUMENTATION_STATUS: test=audioCachePreloadPolicyPersistsAndKeepsQueue
INSTRUMENTATION_STATUS_CODE: 1
INSTRUMENTATION_STATUS: class=io.github.currencortex.music.MiniPlayerInteractionTest
INSTRUMENTATION_STATUS: current=19
INSTRUMENTATION_STATUS: id=AndroidJUnitRunner
INSTRUMENTATION_STATUS: numtests=27
INSTRUMENTATION_STATUS: stream=.
INSTRUMENTATION_STATUS: test=audioCachePreloadPolicyPersistsAndKeepsQueue
INSTRUMENTATION_STATUS_CODE: 0
INSTRUMENTATION_STATUS: class=io.github.currencortex.music.PlayerLandscapeTest
INSTRUMENTATION_STATUS: current=20
INSTRUMENTATION_STATUS: id=AndroidJUnitRunner
INSTRUMENTATION_STATUS: numtests=27
INSTRUMENTATION_STATUS: stream=
io.github.currencortex.music.PlayerLandscapeTest:
INSTRUMENTATION_STATUS: test=floatingSideTabsKeepContentClearAndRecoverAfterSecondaryAndPlayer
INSTRUMENTATION_STATUS_CODE: 1
INSTRUMENTATION_STATUS: class=io.github.currencortex.music.PlayerLandscapeTest
INSTRUMENTATION_STATUS: current=20
INSTRUMENTATION_STATUS: id=AndroidJUnitRunner
INSTRUMENTATION_STATUS: numtests=27
INSTRUMENTATION_STATUS: stream=.
INSTRUMENTATION_STATUS: test=floatingSideTabsKeepContentClearAndRecoverAfterSecondaryAndPlayer
INSTRUMENTATION_STATUS_CODE: 0
INSTRUMENTATION_STATUS: class=io.github.currencortex.music.PlayerLandscapeTest
INSTRUMENTATION_STATUS: current=21
INSTRUMENTATION_STATUS: id=AndroidJUnitRunner
INSTRUMENTATION_STATUS: numtests=27
INSTRUMENTATION_STATUS: stream=
INSTRUMENTATION_STATUS: test=shortLandscapeShowsFullCoverMetadataAndControlsAndClosesToMini
INSTRUMENTATION_STATUS_CODE: 1
INSTRUMENTATION_STATUS: class=io.github.currencortex.music.PlayerLandscapeTest
INSTRUMENTATION_STATUS: current=21
INSTRUMENTATION_STATUS: id=AndroidJUnitRunner
INSTRUMENTATION_STATUS: numtests=27
INSTRUMENTATION_STATUS: stream=.
INSTRUMENTATION_STATUS: test=shortLandscapeShowsFullCoverMetadataAndControlsAndClosesToMini
INSTRUMENTATION_STATUS_CODE: 0
INSTRUMENTATION_STATUS: class=io.github.currencortex.music.PlaybackQueuePageTest
INSTRUMENTATION_STATUS: current=22
INSTRUMENTATION_STATUS: id=AndroidJUnitRunner
INSTRUMENTATION_STATUS: numtests=27
INSTRUMENTATION_STATUS: stream=
io.github.currencortex.music.PlaybackQueuePageTest:
INSTRUMENTATION_STATUS: test=rowsModesRemovalAndClearKeepTheQueuePageOpen
INSTRUMENTATION_STATUS_CODE: 1
INSTRUMENTATION_STATUS: class=io.github.currencortex.music.PlaybackQueuePageTest
INSTRUMENTATION_STATUS: current=22
INSTRUMENTATION_STATUS: id=AndroidJUnitRunner
INSTRUMENTATION_STATUS: numtests=27
INSTRUMENTATION_STATUS: stack=java.lang.AssertionError: Failed to assert the following: (Selected = 'true')
Reason: Expected exactly '1' node but could not find any node that satisfies: (TestTag = 'queue_song_2')

	at androidx.compose.ui.test.SemanticsNodeInteraction.fetchOneOrThrow(SemanticsNodeInteraction.kt:178)
	at androidx.compose.ui.test.SemanticsNodeInteraction.fetchOneOrThrow$default(SemanticsNodeInteraction.kt:150)
	at androidx.compose.ui.test.SemanticsNodeInteraction.fetchSemanticsNode(SemanticsNodeInteraction.kt:84)
	at androidx.compose.ui.test.AssertionsKt.assert(Assertions.kt:262)
	at androidx.compose.ui.test.AssertionsKt.assert$default(Assertions.kt:254)
	at androidx.compose.ui.test.AssertionsKt.assertIsSelected(Assertions.kt:88)
	at io.github.currencortex.music.PlaybackQueuePageTest.rowsModesRemovalAndClearKeepTheQueuePageOpen(PlaybackQueuePageTest.kt:48)

INSTRUMENTATION_STATUS: stream=
Error in rowsModesRemovalAndClearKeepTheQueuePageOpen(io.github.currencortex.music.PlaybackQueuePageTest):
java.lang.AssertionError: Failed to assert the following: (Selected = 'true')
Reason: Expected exactly '1' node but could not find any node that satisfies: (TestTag = 'queue_song_2')

	at androidx.compose.ui.test.SemanticsNodeInteraction.fetchOneOrThrow(SemanticsNodeInteraction.kt:178)
	at androidx.compose.ui.test.SemanticsNodeInteraction.fetchOneOrThrow$default(SemanticsNodeInteraction.kt:150)
	at androidx.compose.ui.test.SemanticsNodeInteraction.fetchSemanticsNode(SemanticsNodeInteraction.kt:84)
	at androidx.compose.ui.test.AssertionsKt.assert(Assertions.kt:262)
	at androidx.compose.ui.test.AssertionsKt.assert$default(Assertions.kt:254)
	at androidx.compose.ui.test.AssertionsKt.assertIsSelected(Assertions.kt:88)
	at io.github.currencortex.music.PlaybackQueuePageTest.rowsModesRemovalAndClearKeepTheQueuePageOpen(PlaybackQueuePageTest.kt:48)

INSTRUMENTATION_STATUS: test=rowsModesRemovalAndClearKeepTheQueuePageOpen
INSTRUMENTATION_STATUS_CODE: -2
INSTRUMENTATION_STATUS: class=io.github.currencortex.music.PlaybackQueuePageTest
INSTRUMENTATION_STATUS: current=23
INSTRUMENTATION_STATUS: id=AndroidJUnitRunner
INSTRUMENTATION_STATUS: numtests=27
INSTRUMENTATION_STATUS: stream=
INSTRUMENTATION_STATUS: test=listScrollingSmallDragAndFullDragHaveSeparateOutcomes
INSTRUMENTATION_STATUS_CODE: 1
INSTRUMENTATION_STATUS: class=io.github.currencortex.music.PlaybackQueuePageTest
INSTRUMENTATION_STATUS: current=23
INSTRUMENTATION_STATUS: id=AndroidJUnitRunner
INSTRUMENTATION_STATUS: numtests=27
INSTRUMENTATION_STATUS: stack=java.lang.AssertionError: Assert failed: The component with TestTag = 'queue_song_0' is displayed!
	at androidx.compose.ui.test.AssertionsKt.assertIsNotDisplayed(Assertions.kt:48)
	at io.github.currencortex.music.PlaybackQueuePageTest.listScrollingSmallDragAndFullDragHaveSeparateOutcomes(PlaybackQueuePageTest.kt:88)

INSTRUMENTATION_STATUS: stream=
Error in listScrollingSmallDragAndFullDragHaveSeparateOutcomes(io.github.currencortex.music.PlaybackQueuePageTest):
java.lang.AssertionError: Assert failed: The component with TestTag = 'queue_song_0' is displayed!
	at androidx.compose.ui.test.AssertionsKt.assertIsNotDisplayed(Assertions.kt:48)
	at io.github.currencortex.music.PlaybackQueuePageTest.listScrollingSmallDragAndFullDragHaveSeparateOutcomes(PlaybackQueuePageTest.kt:88)

INSTRUMENTATION_STATUS: test=listScrollingSmallDragAndFullDragHaveSeparateOutcomes
INSTRUMENTATION_STATUS_CODE: -2
INSTRUMENTATION_STATUS: class=io.github.currencortex.music.LyricsDisplayCapabilitiesTest
INSTRUMENTATION_STATUS: current=24
INSTRUMENTATION_STATUS: id=AndroidJUnitRunner
INSTRUMENTATION_STATUS: numtests=27
INSTRUMENTATION_STATUS: stream=
io.github.currencortex.music.LyricsDisplayCapabilitiesTest:
INSTRUMENTATION_STATUS: test=miniLyricsFollowPositionAndSettingsCanHideAndRestoreControls
INSTRUMENTATION_STATUS_CODE: 1
INSTRUMENTATION_STATUS: class=io.github.currencortex.music.LyricsDisplayCapabilitiesTest
INSTRUMENTATION_STATUS: current=24
INSTRUMENTATION_STATUS: id=AndroidJUnitRunner
INSTRUMENTATION_STATUS: numtests=27
INSTRUMENTATION_STATUS: stack=java.lang.AssertionError: Assert failed: The component with TestTag = 'lyrics_reveal_controls' is not displayed!
	at androidx.compose.ui.test.AssertionsKt.assertIsDisplayed(Assertions.kt:34)
	at io.github.currencortex.music.LyricsDisplayCapabilitiesTest$miniLyricsFollowPositionAndSettingsCanHideAndRestoreControls$1.invokeSuspend(LyricsDisplayCapabilitiesTest.kt:233)
	at kotlin.coroutines.jvm.internal.BaseContinuationImpl.resumeWith(ContinuationImpl.kt:34)
	at kotlinx.coroutines.UndispatchedCoroutine.afterResume(CoroutineContext.kt:266)
	at kotlinx.coroutines.AbstractCoroutine.resumeWith(AbstractCoroutine.kt:101)
	at kotlin.coroutines.jvm.internal.BaseContinuationImpl.resumeWith(ContinuationImpl.kt:47)
	at kotlinx.coroutines.DispatchedTask.run(DispatchedTask.kt:100)
	at kotlinx.coroutines.EventLoopImplBase.processNextEvent(EventLoop.common.kt:263)
	at kotlinx.coroutines.BlockingCoroutine.joinBlocking(Builders.kt:94)
	at kotlinx.coroutines.BuildersKt__BuildersKt.runBlocking(Builders.kt:70)
	at kotlinx.coroutines.BuildersKt.runBlocking(Unknown Source:1)
	at kotlinx.coroutines.BuildersKt__BuildersKt.runBlocking$default(Builders.kt:48)
	at kotlinx.coroutines.BuildersKt.runBlocking$default(Unknown Source:1)
	at io.github.currencortex.music.LyricsDisplayCapabilitiesTest.miniLyricsFollowPositionAndSettingsCanHideAndRestoreControls(LyricsDisplayCapabilitiesTest.kt:173)

INSTRUMENTATION_STATUS: stream=
Error in miniLyricsFollowPositionAndSettingsCanHideAndRestoreControls(io.github.currencortex.music.LyricsDisplayCapabilitiesTest):
java.lang.AssertionError: Assert failed: The component with TestTag = 'lyrics_reveal_controls' is not displayed!
	at androidx.compose.ui.test.AssertionsKt.assertIsDisplayed(Assertions.kt:34)
	at io.github.currencortex.music.LyricsDisplayCapabilitiesTest$miniLyricsFollowPositionAndSettingsCanHideAndRestoreControls$1.invokeSuspend(LyricsDisplayCapabilitiesTest.kt:233)
	at kotlin.coroutines.jvm.internal.BaseContinuationImpl.resumeWith(ContinuationImpl.kt:34)
	at kotlinx.coroutines.UndispatchedCoroutine.afterResume(CoroutineContext.kt:266)
	at kotlinx.coroutines.AbstractCoroutine.resumeWith(AbstractCoroutine.kt:101)
	at kotlin.coroutines.jvm.internal.BaseContinuationImpl.resumeWith(ContinuationImpl.kt:47)
	at kotlinx.coroutines.DispatchedTask.run(DispatchedTask.kt:100)
	at kotlinx.coroutines.EventLoopImplBase.processNextEvent(EventLoop.common.kt:263)
	at kotlinx.coroutines.BlockingCoroutine.joinBlocking(Builders.kt:94)
	at kotlinx.coroutines.BuildersKt__BuildersKt.runBlocking(Builders.kt:70)
	at kotlinx.coroutines.BuildersKt.runBlocking(Unknown Source:1)
	at kotlinx.coroutines.BuildersKt__BuildersKt.runBlocking$default(Builders.kt:48)
	at kotlinx.coroutines.BuildersKt.runBlocking$default(Unknown Source:1)
	at io.github.currencortex.music.LyricsDisplayCapabilitiesTest.miniLyricsFollowPositionAndSettingsCanHideAndRestoreControls(LyricsDisplayCapabilitiesTest.kt:173)

INSTRUMENTATION_STATUS: test=miniLyricsFollowPositionAndSettingsCanHideAndRestoreControls
INSTRUMENTATION_STATUS_CODE: -2
INSTRUMENTATION_STATUS: class=io.github.currencortex.music.LyricsDisplayCapabilitiesTest
INSTRUMENTATION_STATUS: current=25
INSTRUMENTATION_STATUS: id=AndroidJUnitRunner
INSTRUMENTATION_STATUS: numtests=27
INSTRUMENTATION_STATUS: stream=
INSTRUMENTATION_STATUS: test=alwaysSweepsPlainLinesWithoutReplacingRealWordTiming
INSTRUMENTATION_STATUS_CODE: 1
INSTRUMENTATION_STATUS: class=io.github.currencortex.music.LyricsDisplayCapabilitiesTest
INSTRUMENTATION_STATUS: current=25
INSTRUMENTATION_STATUS: id=AndroidJUnitRunner
INSTRUMENTATION_STATUS: numtests=27
INSTRUMENTATION_STATUS: stream=.
INSTRUMENTATION_STATUS: test=alwaysSweepsPlainLinesWithoutReplacingRealWordTiming
INSTRUMENTATION_STATUS_CODE: 0
INSTRUMENTATION_STATUS: class=io.github.currencortex.music.LyricsDisplayCapabilitiesTest
INSTRUMENTATION_STATUS: current=26
INSTRUMENTATION_STATUS: id=AndroidJUnitRunner
INSTRUMENTATION_STATUS: numtests=27
INSTRUMENTATION_STATUS: stream=
INSTRUMENTATION_STATUS: test=blurKeepsOnlyCurrentlySungVocalsClear
INSTRUMENTATION_STATUS_CODE: 1
INSTRUMENTATION_STATUS: class=io.github.currencortex.music.LyricsDisplayCapabilitiesTest
INSTRUMENTATION_STATUS: current=26
INSTRUMENTATION_STATUS: id=AndroidJUnitRunner
INSTRUMENTATION_STATUS: numtests=27
INSTRUMENTATION_STATUS: stream=.
INSTRUMENTATION_STATUS: test=blurKeepsOnlyCurrentlySungVocalsClear
INSTRUMENTATION_STATUS_CODE: 0
INSTRUMENTATION_STATUS: class=io.github.currencortex.music.LyricsDisplayCapabilitiesTest
INSTRUMENTATION_STATUS: current=27
INSTRUMENTATION_STATUS: id=AndroidJUnitRunner
INSTRUMENTATION_STATUS: numtests=27
INSTRUMENTATION_STATUS: stream=
INSTRUMENTATION_STATUS: test=centeredWeightAndAllLineKaraokeRenderActualGlyphs
INSTRUMENTATION_STATUS_CODE: 1
INSTRUMENTATION_STATUS: class=io.github.currencortex.music.LyricsDisplayCapabilitiesTest
INSTRUMENTATION_STATUS: current=27
INSTRUMENTATION_STATUS: id=AndroidJUnitRunner
INSTRUMENTATION_STATUS: numtests=27
INSTRUMENTATION_STATUS: stream=.
INSTRUMENTATION_STATUS: test=centeredWeightAndAllLineKaraokeRenderActualGlyphs
INSTRUMENTATION_STATUS_CODE: 0
INSTRUMENTATION_RESULT: stream=

Time: 53.728
There were 3 failures:
1) rowsModesRemovalAndClearKeepTheQueuePageOpen(io.github.currencortex.music.PlaybackQueuePageTest)
java.lang.AssertionError: Failed to assert the following: (Selected = 'true')
Reason: Expected exactly '1' node but could not find any node that satisfies: (TestTag = 'queue_song_2')

	at androidx.compose.ui.test.SemanticsNodeInteraction.fetchOneOrThrow(SemanticsNodeInteraction.kt:178)
	at androidx.compose.ui.test.SemanticsNodeInteraction.fetchOneOrThrow$default(SemanticsNodeInteraction.kt:150)
	at androidx.compose.ui.test.SemanticsNodeInteraction.fetchSemanticsNode(SemanticsNodeInteraction.kt:84)
	at androidx.compose.ui.test.AssertionsKt.assert(Assertions.kt:262)
	at androidx.compose.ui.test.AssertionsKt.assert$default(Assertions.kt:254)
	at androidx.compose.ui.test.AssertionsKt.assertIsSelected(Assertions.kt:88)
	at io.github.currencortex.music.PlaybackQueuePageTest.rowsModesRemovalAndClearKeepTheQueuePageOpen(PlaybackQueuePageTest.kt:48)
2) listScrollingSmallDragAndFullDragHaveSeparateOutcomes(io.github.currencortex.music.PlaybackQueuePageTest)
java.lang.AssertionError: Assert failed: The component with TestTag = 'queue_song_0' is displayed!
	at androidx.compose.ui.test.AssertionsKt.assertIsNotDisplayed(Assertions.kt:48)
	at io.github.currencortex.music.PlaybackQueuePageTest.listScrollingSmallDragAndFullDragHaveSeparateOutcomes(PlaybackQueuePageTest.kt:88)
3) miniLyricsFollowPositionAndSettingsCanHideAndRestoreControls(io.github.currencortex.music.LyricsDisplayCapabilitiesTest)
java.lang.AssertionError: Assert failed: The component with TestTag = 'lyrics_reveal_controls' is not displayed!
	at androidx.compose.ui.test.AssertionsKt.assertIsDisplayed(Assertions.kt:34)
	at io.github.currencortex.music.LyricsDisplayCapabilitiesTest$miniLyricsFollowPositionAndSettingsCanHideAndRestoreControls$1.invokeSuspend(LyricsDisplayCapabilitiesTest.kt:233)
	at kotlin.coroutines.jvm.internal.BaseContinuationImpl.resumeWith(ContinuationImpl.kt:34)
	at kotlinx.coroutines.UndispatchedCoroutine.afterResume(CoroutineContext.kt:266)
	at kotlinx.coroutines.AbstractCoroutine.resumeWith(AbstractCoroutine.kt:101)
	at kotlin.coroutines.jvm.internal.BaseContinuationImpl.resumeWith(ContinuationImpl.kt:47)
	at kotlinx.coroutines.DispatchedTask.run(DispatchedTask.kt:100)
	at kotlinx.coroutines.EventLoopImplBase.processNextEvent(EventLoop.common.kt:263)
	at kotlinx.coroutines.BlockingCoroutine.joinBlocking(Builders.kt:94)
	at kotlinx.coroutines.BuildersKt__BuildersKt.runBlocking(Builders.kt:70)
	at kotlinx.coroutines.BuildersKt.runBlocking(Unknown Source:1)
	at kotlinx.coroutines.BuildersKt__BuildersKt.runBlocking$default(Builders.kt:48)
	at kotlinx.coroutines.BuildersKt.runBlocking$default(Unknown Source:1)
	at io.github.currencortex.music.LyricsDisplayCapabilitiesTest.miniLyricsFollowPositionAndSettingsCanHideAndRestoreControls(LyricsDisplayCapabilitiesTest.kt:173)

FAILURES!!!
Tests run: 27,  Failures: 3


INSTRUMENTATION_CODE: -1
