To honour the JVM settings for this build a single-use Daemon process will be forked. For more on this, please refer to https://docs.gradle.org/8.13/userguide/gradle_daemon.html#sec:disabling_the_daemon in the Gradle documentation.
Daemon will be stopped at the end of the build 

> Configure project :app
WARNING: The option setting 'android.overridePathCheck=true' is experimental.
The current default is 'false'.
w: [33m[1mDeprecated Gradle Version[0m[0m
The used Gradle version (Gradle 8.13) is deprecated and will not be supported in future Kotlin Gradle Plugin releases.
The minimum supported Gradle version will become Gradle 8.14.4 in Kotlin 2.5.0.

This warning can be suppressed in 'gradle.properties':
    kotlin.suppressGradlePluginWarnings=DeprecatedGradleVersionWarning
[32m[1mSolution:[0m[0m
[32m[3mPlease update the Gradle version to at least Gradle 8.14.4.[0m[0m

WARNING: We recommend using a newer Android Gradle plugin to use compile SDK version 37.0

This Android Gradle plugin (8.13.2) was tested up to compile SDK version 36.1.

You are strongly encouraged to update your project to use a newer
Android Gradle plugin that has been tested with compile SDK version 37.0.

If you are already using the latest version of the Android Gradle plugin,
you may need to wait until a newer version with support for compile SDK version 37.0 is available.

For more information refer to the compatibility table:
https://d.android.com/r/tools/api-level-support

To suppress this warning, add/update
    android.suppressUnsupportedCompileSdk=37.0
to this project's gradle.properties.
Warning: SDK processing. This version only understands SDK XML versions up to 3 but an SDK XML file of version 4 was encountered. This can happen if you use versions of Android Studio and the command-line tools that were released at different times.

> Task :app:preBuild UP-TO-DATE
> Task :app:preDebugBuild UP-TO-DATE
> Task :app:mergeDebugNativeDebugMetadata NO-SOURCE
> Task :app:checkKotlinGradlePluginConfigurationErrors SKIPPED
> Task :app:generateDebugBuildConfig UP-TO-DATE
> Task :app:checkDebugAarMetadata UP-TO-DATE
> Task :app:processDebugNavigationResources UP-TO-DATE
> Task :app:compileDebugNavigationResources UP-TO-DATE
> Task :app:generateDebugResValues UP-TO-DATE
> Task :app:mapDebugSourceSetPaths UP-TO-DATE
> Task :app:generateDebugResources UP-TO-DATE
> Task :app:mergeDebugResources UP-TO-DATE
> Task :app:packageDebugResources UP-TO-DATE
> Task :app:parseDebugLocalResources UP-TO-DATE
> Task :app:createDebugCompatibleScreenManifests UP-TO-DATE
> Task :app:extractDeepLinksDebug UP-TO-DATE
> Task :app:processDebugMainManifest UP-TO-DATE
> Task :app:processDebugManifest UP-TO-DATE
> Task :app:processDebugManifestForPackage UP-TO-DATE
> Task :app:processDebugResources UP-TO-DATE
> Task :app:kspDebugKotlin
> Task :app:compileDebugKotlin
w: file:///M:/app/src/main/java/io/github/currencortex/music/AppContainer.kt:101:17 'val allNetworks: Array<(out) Network!>' is deprecated. Deprecated in Java.
w: file:///M:/app/src/main/java/io/github/currencortex/music/core/dlna/DlnaDiscovery.kt:17:31 'val allNetworks: Array<(out) Network!>' is deprecated. Deprecated in Java.
w: file:///M:/app/src/main/java/io/github/currencortex/music/core/media/MusicService.kt:275:50 'constructor(p0: MediaSession): MediaSession.ConnectionResult.AcceptedResultBuilder' is deprecated. Deprecated in Java.
w: file:///M:/app/src/main/java/io/github/currencortex/music/core/visualizer/VisualizerFrameInterpolator.kt:55:22 Condition is always 'true'.
w: file:///M:/app/src/main/java/io/github/currencortex/music/core/visualizer/VisualizerFrameInterpolator.kt:69:62 Unnecessary non-null assertion (!!) on a non-null receiver of type 'AudioAnalysisFrame'.
w: file:///M:/app/src/main/java/io/github/currencortex/music/core/visualizer/VisualizerFrameInterpolator.kt:70:64 Unnecessary non-null assertion (!!) on a non-null receiver of type 'AudioAnalysisFrame'.
w: file:///M:/app/src/main/java/io/github/currencortex/music/core/visualizer/VisualizerFrameInterpolator.kt:71:62 Unnecessary non-null assertion (!!) on a non-null receiver of type 'AudioAnalysisFrame'.
w: file:///M:/app/src/main/java/io/github/currencortex/music/core/visualizer/VisualizerFrameInterpolator.kt:72:68 Unnecessary non-null assertion (!!) on a non-null receiver of type 'AudioAnalysisFrame'.
w: file:///M:/app/src/main/java/io/github/currencortex/music/core/visualizer/VisualizerFrameInterpolator.kt:74:46 Unnecessary non-null assertion (!!) on a non-null receiver of type 'AudioAnalysisFrame'.
w: file:///M:/app/src/main/java/io/github/currencortex/music/core/visualizer/VisualizerFrameInterpolator.kt:79:41 Unnecessary non-null assertion (!!) on a non-null receiver of type 'AudioAnalysisFrame'.
w: file:///M:/app/src/main/java/io/github/currencortex/music/data/song/NeteaseSongActionsRepository.kt:38:24 No cast needed.
w: file:///M:/app/src/main/java/io/github/currencortex/music/data/song/NeteaseSongActionsRepository.kt:71:68 Unnecessary non-null assertion (!!) on a non-null receiver of type 'BoundProfile'.
w: file:///M:/app/src/main/java/io/github/currencortex/music/data/song/NeteaseSongActionsRepository.kt:73:40 Unnecessary non-null assertion (!!) on a non-null receiver of type 'BoundProfile'.
w: file:///M:/app/src/main/java/io/github/currencortex/music/feature/binding/BindingScreen.kt:104:36 'val Icons.Filled.ArrowBack: ImageVector' is deprecated. Use the AutoMirrored version at Icons.AutoMirrored.Filled.ArrowBack.
w: file:///M:/app/src/main/java/io/github/currencortex/music/feature/download/SongDownloadDialog.kt:61:27 Unnecessary safe call on a non-null receiver of type 'Data'.
w: file:///M:/app/src/main/java/io/github/currencortex/music/feature/download/SongDownloadDialog.kt:61:29 'fun getStringArray(key: String): Array<String>?' is deprecated. Use getNullableStringArray(key) instead. This method does not correctly handle String arrays which may contain null elements.
w: file:///M:/app/src/main/java/io/github/currencortex/music/feature/download/SongDownloadDialog.kt:61:94 Unnecessary safe call on a non-null receiver of type 'Data'.
w: file:///M:/app/src/main/java/io/github/currencortex/music/feature/player/PlayerPagerArtwork.kt:66:56 Unnecessary safe call on a non-null receiver of type 'PlayerArtworkTransition'.
w: file:///M:/app/src/main/java/io/github/currencortex/music/feature/player/PlayerPagerArtwork.kt:66:83 Unnecessary safe call on a non-null receiver of type 'PlayerArtworkTransition'.
w: file:///M:/app/src/main/java/io/github/currencortex/music/feature/profile/ProfileScreen.kt:145:71 Unnecessary non-null assertion (!!) on a non-null receiver of type 'ProfileDto'.
w: file:///M:/app/src/main/java/io/github/currencortex/music/feature/visualizer/VisualizerDisplayObserver.kt:21:127 Unnecessary safe call on a non-null receiver of type 'Display.Mode'.

> Task :app:javaPreCompileDebug UP-TO-DATE
> Task :app:compileDebugJavaWithJavac UP-TO-DATE
> Task :app:mergeDebugShaders UP-TO-DATE
> Task :app:compileDebugShaders NO-SOURCE
> Task :app:generateDebugAssets UP-TO-DATE
> Task :app:mergeDebugAssets UP-TO-DATE
> Task :app:compressDebugAssets UP-TO-DATE
> Task :app:desugarDebugFileDependencies UP-TO-DATE
> Task :app:dexBuilderDebug
> Task :app:mergeDebugGlobalSynthetics UP-TO-DATE
> Task :app:processDebugJavaRes UP-TO-DATE
> Task :app:mergeDebugJavaResource UP-TO-DATE
> Task :app:checkDebugDuplicateClasses UP-TO-DATE
> Task :app:mergeExtDexDebug UP-TO-DATE
> Task :app:mergeLibDexDebug UP-TO-DATE
> Task :app:mergeProjectDexDebug
> Task :app:mergeDebugJniLibFolders UP-TO-DATE
> Task :app:mergeDebugNativeLibs UP-TO-DATE
> Task :app:stripDebugDebugSymbols UP-TO-DATE
> Task :app:validateSigningDebug UP-TO-DATE
> Task :app:writeDebugAppMetadata UP-TO-DATE
> Task :app:writeDebugSigningConfigVersions UP-TO-DATE
> Task :app:packageDebug
> Task :app:createDebugApkListingFileRedirect UP-TO-DATE
> Task :app:assembleDebug
> Task :app:bundleDebugClassesToCompileJar
> Task :app:preDebugAndroidTestBuild SKIPPED
> Task :app:processDebugAndroidTestManifest UP-TO-DATE
> Task :app:generateDebugAndroidTestBuildConfig UP-TO-DATE
> Task :app:checkDebugAndroidTestAarMetadata UP-TO-DATE
> Task :app:processDebugAndroidTestNavigationResources UP-TO-DATE
> Task :app:compileDebugAndroidTestNavigationResources UP-TO-DATE
> Task :app:generateDebugAndroidTestResValues UP-TO-DATE
> Task :app:mapDebugAndroidTestSourceSetPaths UP-TO-DATE
> Task :app:generateDebugAndroidTestResources UP-TO-DATE
> Task :app:mergeDebugAndroidTestResources UP-TO-DATE
> Task :app:processDebugAndroidTestResources UP-TO-DATE
> Task :app:kspDebugAndroidTestKotlin

> Task :app:compileDebugAndroidTestKotlin
w: file:///M:/app/src/androidTest/java/io/github/currencortex/music/AudioSourceSettingsTest.kt:20:29 'fun createComposeRule(effectContext: CoroutineContext = ...): ComposeContentTestRule' is deprecated. Use `androidx.compose.ui.test.junit4.v2.createComposeRule` instead. The v2 APIs use StandardTestDispatcher instead of UnconfinedTestDispatcher, which aligns with standard coroutine behavior by queuing tasks rather than executing them immediately. Tests relying on immediate execution may require explicit synchronization. Please refer to the migration guide for more details.
w: file:///M:/app/src/androidTest/java/io/github/currencortex/music/AvatarPlaceholderTest.kt:17:29 'fun createComposeRule(effectContext: CoroutineContext = ...): ComposeContentTestRule' is deprecated. Use `androidx.compose.ui.test.junit4.v2.createComposeRule` instead. The v2 APIs use StandardTestDispatcher instead of UnconfinedTestDispatcher, which aligns with standard coroutine behavior by queuing tasks rather than executing them immediately. Tests relying on immediate execution may require explicit synchronization. Please refer to the migration guide for more details.
w: file:///M:/app/src/androidTest/java/io/github/currencortex/music/HomeAvatarTest.kt:35:29 'fun createComposeRule(effectContext: CoroutineContext = ...): ComposeContentTestRule' is deprecated. Use `androidx.compose.ui.test.junit4.v2.createComposeRule` instead. The v2 APIs use StandardTestDispatcher instead of UnconfinedTestDispatcher, which aligns with standard coroutine behavior by queuing tasks rather than executing them immediately. Tests relying on immediate execution may require explicit synchronization. Please refer to the migration guide for more details.
w: file:///M:/app/src/androidTest/java/io/github/currencortex/music/KeyboardDockOverlayTest.kt:24:29 'fun createComposeRule(effectContext: CoroutineContext = ...): ComposeContentTestRule' is deprecated. Use `androidx.compose.ui.test.junit4.v2.createComposeRule` instead. The v2 APIs use StandardTestDispatcher instead of UnconfinedTestDispatcher, which aligns with standard coroutine behavior by queuing tasks rather than executing them immediately. Tests relying on immediate execution may require explicit synchronization. Please refer to the migration guide for more details.
w: file:///M:/app/src/androidTest/java/io/github/currencortex/music/LaunchBrandAnimationTest.kt:29:29 'fun createComposeRule(effectContext: CoroutineContext = ...): ComposeContentTestRule' is deprecated. Use `androidx.compose.ui.test.junit4.v2.createComposeRule` instead. The v2 APIs use StandardTestDispatcher instead of UnconfinedTestDispatcher, which aligns with standard coroutine behavior by queuing tasks rather than executing them immediately. Tests relying on immediate execution may require explicit synchronization. Please refer to the migration guide for more details.
w: file:///M:/app/src/androidTest/java/io/github/currencortex/music/LaunchHomeReadinessTest.kt:26:29 'fun createComposeRule(effectContext: CoroutineContext = ...): ComposeContentTestRule' is deprecated. Use `androidx.compose.ui.test.junit4.v2.createComposeRule` instead. The v2 APIs use StandardTestDispatcher instead of UnconfinedTestDispatcher, which aligns with standard coroutine behavior by queuing tasks rather than executing them immediately. Tests relying on immediate execution may require explicit synchronization. Please refer to the migration guide for more details.
w: file:///M:/app/src/androidTest/java/io/github/currencortex/music/LibraryCapabilitiesTest.kt:21:29 'fun createComposeRule(effectContext: CoroutineContext = ...): ComposeContentTestRule' is deprecated. Use `androidx.compose.ui.test.junit4.v2.createComposeRule` instead. The v2 APIs use StandardTestDispatcher instead of UnconfinedTestDispatcher, which aligns with standard coroutine behavior by queuing tasks rather than executing them immediately. Tests relying on immediate execution may require explicit synchronization. Please refer to the migration guide for more details.
w: file:///M:/app/src/androidTest/java/io/github/currencortex/music/LiveRoomContractTest.kt:79:70 Unnecessary non-null assertion (!!) on a non-null receiver of type 'MusicService.VideoBinder'.
w: file:///M:/app/src/androidTest/java/io/github/currencortex/music/LiveRoomContractTest.kt:79:84 Unnecessary non-null assertion (!!) on a non-null receiver of type 'PlayerView'.
w: file:///M:/app/src/androidTest/java/io/github/currencortex/music/LiveRoomContractTest.kt:80:92 Unnecessary non-null assertion (!!) on a non-null receiver of type 'PlayerView'.
w: file:///M:/app/src/androidTest/java/io/github/currencortex/music/LiveRoomContractTest.kt:109:59 Unnecessary non-null assertion (!!) on a non-null receiver of type 'MusicService.VideoBinder'.
w: file:///M:/app/src/androidTest/java/io/github/currencortex/music/LiveRoomContractTest.kt:109:73 Unnecessary non-null assertion (!!) on a non-null receiver of type 'PlayerView'.
w: file:///M:/app/src/androidTest/java/io/github/currencortex/music/LoginScreenTest.kt:15:29 'fun createComposeRule(effectContext: CoroutineContext = ...): ComposeContentTestRule' is deprecated. Use `androidx.compose.ui.test.junit4.v2.createComposeRule` instead. The v2 APIs use StandardTestDispatcher instead of UnconfinedTestDispatcher, which aligns with standard coroutine behavior by queuing tasks rather than executing them immediately. Tests relying on immediate execution may require explicit synchronization. Please refer to the migration guide for more details.
w: file:///M:/app/src/androidTest/java/io/github/currencortex/music/MiniPlayerInteractionTest.kt:29:29 'fun createComposeRule(effectContext: CoroutineContext = ...): ComposeContentTestRule' is deprecated. Use `androidx.compose.ui.test.junit4.v2.createComposeRule` instead. The v2 APIs use StandardTestDispatcher instead of UnconfinedTestDispatcher, which aligns with standard coroutine behavior by queuing tasks rather than executing them immediately. Tests relying on immediate execution may require explicit synchronization. Please refer to the migration guide for more details.
w: file:///M:/app/src/androidTest/java/io/github/currencortex/music/MusicEntryMotionTest.kt:21:29 'fun createComposeRule(effectContext: CoroutineContext = ...): ComposeContentTestRule' is deprecated. Use `androidx.compose.ui.test.junit4.v2.createComposeRule` instead. The v2 APIs use StandardTestDispatcher instead of UnconfinedTestDispatcher, which aligns with standard coroutine behavior by queuing tasks rather than executing them immediately. Tests relying on immediate execution may require explicit synchronization. Please refer to the migration guide for more details.
w: file:///M:/app/src/androidTest/java/io/github/currencortex/music/MusicStyleCapabilitiesTest.kt:21:29 'fun createComposeRule(effectContext: CoroutineContext = ...): ComposeContentTestRule' is deprecated. Use `androidx.compose.ui.test.junit4.v2.createComposeRule` instead. The v2 APIs use StandardTestDispatcher instead of UnconfinedTestDispatcher, which aligns with standard coroutine behavior by queuing tasks rather than executing them immediately. Tests relying on immediate execution may require explicit synchronization. Please refer to the migration guide for more details.
w: file:///M:/app/src/androidTest/java/io/github/currencortex/music/NativeCapabilitiesTest.kt:27:29 'fun createComposeRule(effectContext: CoroutineContext = ...): ComposeContentTestRule' is deprecated. Use `androidx.compose.ui.test.junit4.v2.createComposeRule` instead. The v2 APIs use StandardTestDispatcher instead of UnconfinedTestDispatcher, which aligns with standard coroutine behavior by queuing tasks rather than executing them immediately. Tests relying on immediate execution may require explicit synchronization. Please refer to the migration guide for more details.
w: file:///M:/app/src/androidTest/java/io/github/currencortex/music/NativeCapabilitiesTest.kt:169:41 'fun <T : Parcelable!> getParcelable(p0: String?): T?' is deprecated. Deprecated in Java.
w: file:///M:/app/src/androidTest/java/io/github/currencortex/music/NeteasePrimaryLibraryTest.kt:23:29 'fun createComposeRule(effectContext: CoroutineContext = ...): ComposeContentTestRule' is deprecated. Use `androidx.compose.ui.test.junit4.v2.createComposeRule` instead. The v2 APIs use StandardTestDispatcher instead of UnconfinedTestDispatcher, which aligns with standard coroutine behavior by queuing tasks rather than executing them immediately. Tests relying on immediate execution may require explicit synchronization. Please refer to the migration guide for more details.
w: file:///M:/app/src/androidTest/java/io/github/currencortex/music/PageDataStateTest.kt:15:29 'fun createComposeRule(effectContext: CoroutineContext = ...): ComposeContentTestRule' is deprecated. Use `androidx.compose.ui.test.junit4.v2.createComposeRule` instead. The v2 APIs use StandardTestDispatcher instead of UnconfinedTestDispatcher, which aligns with standard coroutine behavior by queuing tasks rather than executing them immediately. Tests relying on immediate execution may require explicit synchronization. Please refer to the migration guide for more details.
w: file:///M:/app/src/androidTest/java/io/github/currencortex/music/PlayerLandscapeTest.kt:31:29 'fun <reified A : ComponentActivity> createAndroidComposeRule(effectContext: CoroutineContext = ...): AndroidComposeTestRule<ActivityScenarioRule<A>, A>' is deprecated. Use `androidx.compose.ui.test.junit4.v2.createAndroidComposeRule` instead. The v2 APIs use StandardTestDispatcher instead of UnconfinedTestDispatcher, which aligns with standard coroutine behavior by queuing tasks rather than executing them immediately. Tests relying on immediate execution may require explicit synchronization. Please refer to the migration guide for more details.
w: file:///M:/app/src/androidTest/java/io/github/currencortex/music/PlayerVisualizerDeviceTest.kt:115:88 Unnecessary safe call on a non-null receiver of type 'VisualizerRenderState'.
w: file:///M:/app/src/androidTest/java/io/github/currencortex/music/PlaylistPagesTest.kt:28:29 'fun createComposeRule(effectContext: CoroutineContext = ...): ComposeContentTestRule' is deprecated. Use `androidx.compose.ui.test.junit4.v2.createComposeRule` instead. The v2 APIs use StandardTestDispatcher instead of UnconfinedTestDispatcher, which aligns with standard coroutine behavior by queuing tasks rather than executing them immediately. Tests relying on immediate execution may require explicit synchronization. Please refer to the migration guide for more details.
w: file:///M:/app/src/androidTest/java/io/github/currencortex/music/RoomCapabilitiesTest.kt:31:29 'fun createComposeRule(effectContext: CoroutineContext = ...): ComposeContentTestRule' is deprecated. Use `androidx.compose.ui.test.junit4.v2.createComposeRule` instead. The v2 APIs use StandardTestDispatcher instead of UnconfinedTestDispatcher, which aligns with standard coroutine behavior by queuing tasks rather than executing them immediately. Tests relying on immediate execution may require explicit synchronization. Please refer to the migration guide for more details.
w: file:///M:/app/src/androidTest/java/io/github/currencortex/music/RoomCapabilitiesTest.kt:250:45 'val allNetworks: Array<(out) Network!>' is deprecated. Deprecated in Java.
w: file:///M:/app/src/androidTest/java/io/github/currencortex/music/RootTabTransitionTest.kt:28:29 'fun createComposeRule(effectContext: CoroutineContext = ...): ComposeContentTestRule' is deprecated. Use `androidx.compose.ui.test.junit4.v2.createComposeRule` instead. The v2 APIs use StandardTestDispatcher instead of UnconfinedTestDispatcher, which aligns with standard coroutine behavior by queuing tasks rather than executing them immediately. Tests relying on immediate execution may require explicit synchronization. Please refer to the migration guide for more details.
w: file:///M:/app/src/androidTest/java/io/github/currencortex/music/SearchArtistCapabilitiesTest.kt:21:29 'fun createComposeRule(effectContext: CoroutineContext = ...): ComposeContentTestRule' is deprecated. Use `androidx.compose.ui.test.junit4.v2.createComposeRule` instead. The v2 APIs use StandardTestDispatcher instead of UnconfinedTestDispatcher, which aligns with standard coroutine behavior by queuing tasks rather than executing them immediately. Tests relying on immediate execution may require explicit synchronization. Please refer to the migration guide for more details.
w: file:///M:/app/src/androidTest/java/io/github/currencortex/music/SleepTimerSheetTest.kt:17:29 'fun createComposeRule(effectContext: CoroutineContext = ...): ComposeContentTestRule' is deprecated. Use `androidx.compose.ui.test.junit4.v2.createComposeRule` instead. The v2 APIs use StandardTestDispatcher instead of UnconfinedTestDispatcher, which aligns with standard coroutine behavior by queuing tasks rather than executing them immediately. Tests relying on immediate execution may require explicit synchronization. Please refer to the migration guide for more details.
w: file:///M:/app/src/androidTest/java/io/github/currencortex/music/SongDownloadUiTest.kt:30:29 'fun createComposeRule(effectContext: CoroutineContext = ...): ComposeContentTestRule' is deprecated. Use `androidx.compose.ui.test.junit4.v2.createComposeRule` instead. The v2 APIs use StandardTestDispatcher instead of UnconfinedTestDispatcher, which aligns with standard coroutine behavior by queuing tasks rather than executing them immediately. Tests relying on immediate execution may require explicit synchronization. Please refer to the migration guide for more details.
w: file:///M:/app/src/androidTest/java/io/github/currencortex/music/SongDownloadUiTest.kt:108:42 'fun getStringArray(key: String): Array<String>?' is deprecated. Use getNullableStringArray(key) instead. This method does not correctly handle String arrays which may contain null elements.
w: file:///M:/app/src/androidTest/java/io/github/currencortex/music/SongDownloadUiTest.kt:124:35 'fun getStringArray(key: String): Array<String>?' is deprecated. Use getNullableStringArray(key) instead. This method does not correctly handle String arrays which may contain null elements.
w: file:///M:/app/src/androidTest/java/io/github/currencortex/music/SplitTextTest.kt:31:29 'fun createComposeRule(effectContext: CoroutineContext = ...): ComposeContentTestRule' is deprecated. Use `androidx.compose.ui.test.junit4.v2.createComposeRule` instead. The v2 APIs use StandardTestDispatcher instead of UnconfinedTestDispatcher, which aligns with standard coroutine behavior by queuing tasks rather than executing them immediately. Tests relying on immediate execution may require explicit synchronization. Please refer to the migration guide for more details.
w: file:///M:/app/src/androidTest/java/io/github/currencortex/music/UpdateImagesTest.kt:28:29 'fun createComposeRule(effectContext: CoroutineContext = ...): ComposeContentTestRule' is deprecated. Use `androidx.compose.ui.test.junit4.v2.createComposeRule` instead. The v2 APIs use StandardTestDispatcher instead of UnconfinedTestDispatcher, which aligns with standard coroutine behavior by queuing tasks rather than executing them immediately. Tests relying on immediate execution may require explicit synchronization. Please refer to the migration guide for more details.
w: file:///M:/app/src/androidTest/java/io/github/currencortex/music/UpdateImagesTest.kt:44:30 This declaration needs opt-in. Its usage should be marked with '@coil3.annotation.DelicateCoilApi' or '@OptIn(coil3.annotation.DelicateCoilApi::class)'
w: file:///M:/app/src/androidTest/java/io/github/currencortex/music/UpdateImagesTest.kt:48:47 This declaration needs opt-in. Its usage should be marked with '@coil3.annotation.DelicateCoilApi' or '@OptIn(coil3.annotation.DelicateCoilApi::class)'
w: file:///M:/app/src/androidTest/java/io/github/currencortex/music/UpdateMirrorFlowTest.kt:22:29 'fun createComposeRule(effectContext: CoroutineContext = ...): ComposeContentTestRule' is deprecated. Use `androidx.compose.ui.test.junit4.v2.createComposeRule` instead. The v2 APIs use StandardTestDispatcher instead of UnconfinedTestDispatcher, which aligns with standard coroutine behavior by queuing tasks rather than executing them immediately. Tests relying on immediate execution may require explicit synchronization. Please refer to the migration guide for more details.
w: file:///M:/app/src/androidTest/java/io/github/currencortex/music/UserCapabilitiesTest.kt:21:29 'fun createComposeRule(effectContext: CoroutineContext = ...): ComposeContentTestRule' is deprecated. Use `androidx.compose.ui.test.junit4.v2.createComposeRule` instead. The v2 APIs use StandardTestDispatcher instead of UnconfinedTestDispatcher, which aligns with standard coroutine behavior by queuing tasks rather than executing them immediately. Tests relying on immediate execution may require explicit synchronization. Please refer to the migration guide for more details.
w: file:///M:/app/src/androidTest/java/io/github/currencortex/music/VisualizerCaptureTest.kt:44:29 'fun createComposeRule(effectContext: CoroutineContext = ...): ComposeContentTestRule' is deprecated. Use `androidx.compose.ui.test.junit4.v2.createComposeRule` instead. The v2 APIs use StandardTestDispatcher instead of UnconfinedTestDispatcher, which aligns with standard coroutine behavior by queuing tasks rather than executing them immediately. Tests relying on immediate execution may require explicit synchronization. Please refer to the migration guide for more details.
w: file:///M:/app/src/androidTest/java/io/github/currencortex/music/VisualizerDebugUiTest.kt:21:29 'fun createComposeRule(effectContext: CoroutineContext = ...): ComposeContentTestRule' is deprecated. Use `androidx.compose.ui.test.junit4.v2.createComposeRule` instead. The v2 APIs use StandardTestDispatcher instead of UnconfinedTestDispatcher, which aligns with standard coroutine behavior by queuing tasks rather than executing them immediately. Tests relying on immediate execution may require explicit synchronization. Please refer to the migration guide for more details.
w: file:///M:/app/src/androidTest/java/io/github/currencortex/music/VisualizerPresetDeviceTest.kt:206:63 Unnecessary non-null assertion (!!) on a non-null receiver of type 'PlayerViewModel'.
w: file:///M:/app/src/androidTest/java/io/github/currencortex/music/VisualizerPresetDeviceTest.kt:354:23 Unnecessary non-null assertion (!!) on a non-null receiver of type 'PlayerViewModel'.
w: file:///M:/app/src/androidTest/java/io/github/currencortex/music/VisualizerPresetDeviceTest.kt:364:32 Unnecessary non-null assertion (!!) on a non-null receiver of type 'PlayerViewModel'.
w: file:///M:/app/src/androidTest/java/io/github/currencortex/music/VisualizerPresetDeviceTest.kt:366:67 Unnecessary non-null assertion (!!) on a non-null receiver of type 'PlayerViewModel'.
w: file:///M:/app/src/androidTest/java/io/github/currencortex/music/VisualizerPresetDeviceTest.kt:380:31 Unnecessary non-null assertion (!!) on a non-null receiver of type 'PlayerViewModel'.
w: file:///M:/app/src/androidTest/java/io/github/currencortex/music/VisualizerPresetDeviceTest.kt:398:94 Unnecessary non-null assertion (!!) on a non-null receiver of type 'PlayerViewModel'.
w: file:///M:/app/src/androidTest/java/io/github/currencortex/music/VisualizerPresetDeviceTest.kt:411:94 Unnecessary non-null assertion (!!) on a non-null receiver of type 'PlayerViewModel'.
w: file:///M:/app/src/androidTest/java/io/github/currencortex/music/VisualizerPresetDeviceTest.kt:424:31 Unnecessary non-null assertion (!!) on a non-null receiver of type 'PlayerViewModel'.
w: file:///M:/app/src/androidTest/java/io/github/currencortex/music/VisualizerPreviewLayoutTest.kt:23:29 'fun createComposeRule(effectContext: CoroutineContext = ...): ComposeContentTestRule' is deprecated. Use `androidx.compose.ui.test.junit4.v2.createComposeRule` instead. The v2 APIs use StandardTestDispatcher instead of UnconfinedTestDispatcher, which aligns with standard coroutine behavior by queuing tasks rather than executing them immediately. Tests relying on immediate execution may require explicit synchronization. Please refer to the migration guide for more details.
w: file:///M:/app/src/androidTest/java/io/github/currencortex/music/VisualizerRenderDeviceTest.kt:131:63 Unnecessary non-null assertion (!!) on a non-null receiver of type 'PlayerViewModel'.
w: file:///M:/app/src/androidTest/java/io/github/currencortex/music/VisualizerRenderDeviceTest.kt:179:23 Unnecessary non-null assertion (!!) on a non-null receiver of type 'PlayerViewModel'.
w: file:///M:/app/src/androidTest/java/io/github/currencortex/music/VisualizerRenderDeviceTest.kt:188:32 Unnecessary non-null assertion (!!) on a non-null receiver of type 'PlayerViewModel'.
w: file:///M:/app/src/androidTest/java/io/github/currencortex/music/VisualizerRenderDeviceTest.kt:190:67 Unnecessary non-null assertion (!!) on a non-null receiver of type 'PlayerViewModel'.
w: file:///M:/app/src/androidTest/java/io/github/currencortex/music/VisualizerRenderDeviceTest.kt:192:33 Unnecessary non-null assertion (!!) on a non-null receiver of type 'PlayerViewModel'.
w: file:///M:/app/src/androidTest/java/io/github/currencortex/music/VisualizerRenderDeviceTest.kt:194:69 Unnecessary non-null assertion (!!) on a non-null receiver of type 'PlayerViewModel'.
w: file:///M:/app/src/androidTest/java/io/github/currencortex/music/VisualizerRenderDeviceTest.kt:206:31 Unnecessary non-null assertion (!!) on a non-null receiver of type 'PlayerViewModel'.
w: file:///M:/app/src/androidTest/java/io/github/currencortex/music/VisualizerRenderDeviceTest.kt:212:94 Unnecessary non-null assertion (!!) on a non-null receiver of type 'PlayerViewModel'.
w: file:///M:/app/src/androidTest/java/io/github/currencortex/music/VisualizerRenderDeviceTest.kt:223:94 Unnecessary non-null assertion (!!) on a non-null receiver of type 'PlayerViewModel'.
w: file:///M:/app/src/androidTest/java/io/github/currencortex/music/VisualizerRenderDeviceTest.kt:233:31 Unnecessary non-null assertion (!!) on a non-null receiver of type 'PlayerViewModel'.

> Task :app:javaPreCompileDebugAndroidTest UP-TO-DATE
> Task :app:compileDebugAndroidTestJavaWithJavac UP-TO-DATE
> Task :app:mergeDebugAndroidTestShaders UP-TO-DATE
> Task :app:compileDebugAndroidTestShaders NO-SOURCE
> Task :app:generateDebugAndroidTestAssets UP-TO-DATE
> Task :app:mergeDebugAndroidTestAssets UP-TO-DATE
> Task :app:compressDebugAndroidTestAssets UP-TO-DATE
> Task :app:desugarDebugAndroidTestFileDependencies UP-TO-DATE
> Task :app:dexBuilderDebugAndroidTest
> Task :app:mergeDebugAndroidTestGlobalSynthetics UP-TO-DATE
> Task :app:processDebugAndroidTestJavaRes UP-TO-DATE
> Task :app:mergeDebugAndroidTestJavaResource UP-TO-DATE
> Task :app:checkDebugAndroidTestDuplicateClasses UP-TO-DATE
> Task :app:mergeExtDexDebugAndroidTest UP-TO-DATE
> Task :app:mergeLibDexDebugAndroidTest UP-TO-DATE
> Task :app:mergeProjectDexDebugAndroidTest
> Task :app:mergeDebugAndroidTestJniLibFolders UP-TO-DATE
> Task :app:mergeDebugAndroidTestNativeLibs NO-SOURCE
> Task :app:stripDebugAndroidTestDebugSymbols NO-SOURCE
> Task :app:validateSigningDebugAndroidTest UP-TO-DATE
> Task :app:writeDebugAndroidTestSigningConfigVersions UP-TO-DATE
> Task :app:packageDebugAndroidTest
> Task :app:createDebugAndroidTestApkListingFileRedirect UP-TO-DATE
> Task :app:assembleDebugAndroidTest
> Task :app:bundleDebugClassesToRuntimeJar
> Task :app:kspDebugUnitTestKotlin
> Task :app:compileDebugUnitTestKotlin
> Task :app:preDebugUnitTestBuild UP-TO-DATE
> Task :app:javaPreCompileDebugUnitTest UP-TO-DATE
> Task :app:compileDebugUnitTestJavaWithJavac NO-SOURCE
> Task :app:processDebugUnitTestJavaRes UP-TO-DATE
> Task :app:testDebugUnitTest
> Task :app:generateDebugAndroidTestLintModel
> Task :app:extractProguardFiles UP-TO-DATE
> Task :app:generateDebugLintReportModel
> Task :app:generateDebugUnitTestLintModel
> Task :app:lintAnalyzeDebug
> Task :app:lintAnalyzeDebugAndroidTest
> Task :app:lintAnalyzeDebugUnitTest
> Task :app:lintReportDebug UP-TO-DATE
> Task :app:lintDebug

> Task :app:connectedDebugAndroidTest
Starting 8 tests on RMX5060 - 16

RMX5060 - 16 Tests 7/8 completed. (0 skipped) (0 failed)
Finished 8 tests on RMX5060 - 16

[Incubating] Problems report is available at: file:///M:/build/reports/problems/problems-report.html

BUILD SUCCESSFUL in 5m 54s
88 actionable tasks: 23 executed, 65 up-to-date
