INSTRUMENTATION_STATUS: class=io.github.currencortex.music.VisualizerPresetDeviceTest
INSTRUMENTATION_STATUS: current=1
INSTRUMENTATION_STATUS: id=AndroidJUnitRunner
INSTRUMENTATION_STATUS: numtests=1
INSTRUMENTATION_STATUS: stream=
io.github.currencortex.music.VisualizerPresetDeviceTest:
INSTRUMENTATION_STATUS: test=cyberReactorReference
INSTRUMENTATION_STATUS_CODE: 1
INSTRUMENTATION_STATUS: stream=M2 song-ready uptime=1190489483

INSTRUMENTATION_STATUS_CODE: 2
INSTRUMENTATION_STATUS: stream=M2 preset-CYBER_REACTOR uptime=1190501851

INSTRUMENTATION_STATUS_CODE: 2
INSTRUMENTATION_STATUS: stream=M2 preset-CYBER_REACTOR uptime=1190506930

INSTRUMENTATION_STATUS_CODE: 2
INSTRUMENTATION_STATUS: stream=M2 preset-CYBER_REACTOR uptime=1190511991

INSTRUMENTATION_STATUS_CODE: 2
INSTRUMENTATION_STATUS: stream=M2 preset-CYBER_REACTOR uptime=1190517079

INSTRUMENTATION_STATUS_CODE: 2
INSTRUMENTATION_STATUS: stream=M2 preset-CYBER_REACTOR uptime=1190522182

INSTRUMENTATION_STATUS_CODE: 2
INSTRUMENTATION_STATUS: stream=M2 preset-CYBER_REACTOR uptime=1190526967

INSTRUMENTATION_STATUS_CODE: 2
INSTRUMENTATION_STATUS: stream=M2 eco uptime=1190533093

INSTRUMENTATION_STATUS_CODE: 2
INSTRUMENTATION_STATUS: stream=M2 soak uptime=1190538325

INSTRUMENTATION_STATUS_CODE: 2
INSTRUMENTATION_STATUS: stream=M2 soak uptime=1190543373

INSTRUMENTATION_STATUS_CODE: 2
INSTRUMENTATION_STATUS: stream=M2 seek uptime=1190544408

INSTRUMENTATION_STATUS_CODE: 2
INSTRUMENTATION_STATUS: stream=M2 paused uptime=1190545154

INSTRUMENTATION_STATUS_CODE: 2
INSTRUMENTATION_STATUS: stream=M2 background uptime=1190545418

INSTRUMENTATION_STATUS_CODE: 2
INSTRUMENTATION_STATUS: stream=M2 screen-off uptime=1190547799

INSTRUMENTATION_STATUS_CODE: 2
INSTRUMENTATION_STATUS: stream=M2 closed uptime=1190554326

INSTRUMENTATION_STATUS_CODE: 2
INSTRUMENTATION_STATUS: class=io.github.currencortex.music.VisualizerPresetDeviceTest
INSTRUMENTATION_STATUS: current=1
INSTRUMENTATION_STATUS: id=AndroidJUnitRunner
INSTRUMENTATION_STATUS: numtests=1
INSTRUMENTATION_STATUS: stream=.
INSTRUMENTATION_STATUS: test=cyberReactorReference
INSTRUMENTATION_STATUS_CODE: 0
INSTRUMENTATION_RESULT: stream=

Time: 88.238

OK (1 test)


INSTRUMENTATION_CODE: -1
