INSTRUMENTATION_STATUS: class=io.github.currencortex.music.VisualizerPresetDeviceTest
INSTRUMENTATION_STATUS: current=1
INSTRUMENTATION_STATUS: id=AndroidJUnitRunner
INSTRUMENTATION_STATUS: numtests=1
INSTRUMENTATION_STATUS: stream=
io.github.currencortex.music.VisualizerPresetDeviceTest:
INSTRUMENTATION_STATUS: test=cyberReactorReference
INSTRUMENTATION_STATUS_CODE: 1
INSTRUMENTATION_STATUS: stream=M2 song-ready uptime=1191664534

INSTRUMENTATION_STATUS_CODE: 2
INSTRUMENTATION_STATUS: stream=M2 preset-CYBER_REACTOR uptime=1191676887

INSTRUMENTATION_STATUS_CODE: 2
INSTRUMENTATION_STATUS: stream=M2 preset-CYBER_REACTOR uptime=1191681949

INSTRUMENTATION_STATUS_CODE: 2
INSTRUMENTATION_STATUS: stream=M2 preset-CYBER_REACTOR uptime=1191687016

INSTRUMENTATION_STATUS_CODE: 2
INSTRUMENTATION_STATUS: stream=M2 preset-CYBER_REACTOR uptime=1191692100

INSTRUMENTATION_STATUS_CODE: 2
INSTRUMENTATION_STATUS: stream=M2 preset-CYBER_REACTOR uptime=1191697148

INSTRUMENTATION_STATUS_CODE: 2
INSTRUMENTATION_STATUS: stream=M2 preset-CYBER_REACTOR uptime=1191701937

INSTRUMENTATION_STATUS_CODE: 2
INSTRUMENTATION_STATUS: stream=M2 eco uptime=1191707609

INSTRUMENTATION_STATUS_CODE: 2
INSTRUMENTATION_STATUS: stream=M2 soak uptime=1191712779

INSTRUMENTATION_STATUS_CODE: 2
INSTRUMENTATION_STATUS: stream=M2 soak uptime=1191717838

INSTRUMENTATION_STATUS_CODE: 2
INSTRUMENTATION_STATUS: stream=M2 seek uptime=1191718669

INSTRUMENTATION_STATUS_CODE: 2
INSTRUMENTATION_STATUS: stream=M2 paused uptime=1191719426

INSTRUMENTATION_STATUS_CODE: 2
INSTRUMENTATION_STATUS: stream=M2 background uptime=1191719716

INSTRUMENTATION_STATUS_CODE: 2
INSTRUMENTATION_STATUS: stream=M2 screen-off uptime=1191722097

INSTRUMENTATION_STATUS_CODE: 2
INSTRUMENTATION_STATUS: stream=M2 closed uptime=1191728287

INSTRUMENTATION_STATUS_CODE: 2
INSTRUMENTATION_STATUS: class=io.github.currencortex.music.VisualizerPresetDeviceTest
INSTRUMENTATION_STATUS: current=1
INSTRUMENTATION_STATUS: id=AndroidJUnitRunner
INSTRUMENTATION_STATUS: numtests=1
INSTRUMENTATION_STATUS: stream=.
INSTRUMENTATION_STATUS: test=cyberReactorReference
INSTRUMENTATION_STATUS_CODE: 0
INSTRUMENTATION_RESULT: stream=

Time: 128.21

OK (1 test)


INSTRUMENTATION_CODE: -1
